--------------------------------------------------------------------------------
Release 14.7 Trace  (nt)
Copyright (c) 1995-2013 Xilinx, Inc.  All rights reserved.

C:\Xilinx\14.7\ISE_DS\ISE\bin\nt\unwrapped\trce.exe -intstyle ise -v 3 -s 3 -n
3 -fastpaths -xml ALU.twx ALU.ncd -o ALU.twr ALU.pcf

Design file:              ALU.ncd
Physical constraint file: ALU.pcf
Device,package,speed:     xc6slx16,csg324,C,-3 (PRODUCTION 1.23 2013-10-13)
Report level:             verbose report

Environment Variable      Effect 
--------------------      ------ 
NONE                      No environment variables were set
--------------------------------------------------------------------------------

INFO:Timing:2698 - No timing constraints found, doing default enumeration.
INFO:Timing:3412 - To improve timing, see the Timing Closure User Guide (UG612).
INFO:Timing:2752 - To get complete path coverage, use the unconstrained paths 
   option. All paths that are not constrained will be reported in the 
   unconstrained paths section(s) of the report.
INFO:Timing:3339 - The clock-to-out numbers in this timing report are based on 
   a 50 Ohm transmission line loading model.  For the details of this model, 
   and for more information on accounting for different loading conditions, 
   please see the device datasheet.



Data Sheet report:
-----------------
All values displayed in nanoseconds (ns)

Pad to Pad
---------------+---------------+---------+
Source Pad     |Destination Pad|  Delay  |
---------------+---------------+---------+
A<0>           |RESULT<0>      |   15.430|
A<0>           |RESULT<1>      |   15.364|
A<0>           |RESULT<2>      |   15.457|
A<0>           |RESULT<3>      |   15.876|
A<0>           |RESULT<4>      |   15.582|
A<0>           |RESULT<5>      |   15.512|
A<0>           |RESULT<6>      |   15.918|
A<0>           |RESULT<7>      |   15.959|
A<0>           |RESULT<8>      |   15.491|
A<0>           |RESULT<9>      |   14.970|
A<0>           |RESULT<10>     |   15.019|
A<0>           |RESULT<11>     |   14.918|
A<0>           |RESULT<12>     |   14.676|
A<0>           |RESULT<13>     |   14.610|
A<0>           |RESULT<14>     |   14.576|
A<0>           |RESULT<15>     |   14.903|
A<0>           |RESULT<16>     |   14.585|
A<0>           |RESULT<17>     |   14.522|
A<0>           |RESULT<18>     |   14.603|
A<0>           |RESULT<19>     |   14.416|
A<0>           |RESULT<20>     |   14.734|
A<0>           |RESULT<21>     |   14.935|
A<0>           |RESULT<22>     |   14.741|
A<0>           |RESULT<23>     |   14.647|
A<0>           |RESULT<24>     |   14.816|
A<0>           |RESULT<25>     |   14.680|
A<0>           |RESULT<26>     |   14.748|
A<0>           |RESULT<27>     |   15.124|
A<0>           |RESULT<28>     |   15.126|
A<0>           |RESULT<29>     |   15.281|
A<0>           |RESULT<30>     |   15.249|
A<0>           |RESULT<31>     |   15.630|
A<0>           |ZEROFLAG       |   18.212|
A<1>           |RESULT<0>      |   15.406|
A<1>           |RESULT<1>      |   15.340|
A<1>           |RESULT<2>      |   15.433|
A<1>           |RESULT<3>      |   15.852|
A<1>           |RESULT<4>      |   15.558|
A<1>           |RESULT<5>      |   15.488|
A<1>           |RESULT<6>      |   15.894|
A<1>           |RESULT<7>      |   15.935|
A<1>           |RESULT<8>      |   15.467|
A<1>           |RESULT<9>      |   14.946|
A<1>           |RESULT<10>     |   14.995|
A<1>           |RESULT<11>     |   14.894|
A<1>           |RESULT<12>     |   14.652|
A<1>           |RESULT<13>     |   14.586|
A<1>           |RESULT<14>     |   14.552|
A<1>           |RESULT<15>     |   14.879|
A<1>           |RESULT<16>     |   14.561|
A<1>           |RESULT<17>     |   14.498|
A<1>           |RESULT<18>     |   14.579|
A<1>           |RESULT<19>     |   14.392|
A<1>           |RESULT<20>     |   14.710|
A<1>           |RESULT<21>     |   14.911|
A<1>           |RESULT<22>     |   14.717|
A<1>           |RESULT<23>     |   14.623|
A<1>           |RESULT<24>     |   14.792|
A<1>           |RESULT<25>     |   14.656|
A<1>           |RESULT<26>     |   14.724|
A<1>           |RESULT<27>     |   15.100|
A<1>           |RESULT<28>     |   15.102|
A<1>           |RESULT<29>     |   15.257|
A<1>           |RESULT<30>     |   15.225|
A<1>           |RESULT<31>     |   15.606|
A<1>           |ZEROFLAG       |   18.188|
A<2>           |RESULT<0>      |   15.443|
A<2>           |RESULT<1>      |   15.377|
A<2>           |RESULT<2>      |   15.470|
A<2>           |RESULT<3>      |   15.889|
A<2>           |RESULT<4>      |   15.595|
A<2>           |RESULT<5>      |   15.525|
A<2>           |RESULT<6>      |   15.931|
A<2>           |RESULT<7>      |   15.972|
A<2>           |RESULT<8>      |   15.504|
A<2>           |RESULT<9>      |   14.983|
A<2>           |RESULT<10>     |   15.032|
A<2>           |RESULT<11>     |   14.931|
A<2>           |RESULT<12>     |   14.689|
A<2>           |RESULT<13>     |   14.623|
A<2>           |RESULT<14>     |   14.589|
A<2>           |RESULT<15>     |   14.916|
A<2>           |RESULT<16>     |   14.598|
A<2>           |RESULT<17>     |   14.535|
A<2>           |RESULT<18>     |   14.616|
A<2>           |RESULT<19>     |   14.429|
A<2>           |RESULT<20>     |   14.747|
A<2>           |RESULT<21>     |   14.948|
A<2>           |RESULT<22>     |   14.754|
A<2>           |RESULT<23>     |   14.660|
A<2>           |RESULT<24>     |   14.829|
A<2>           |RESULT<25>     |   14.693|
A<2>           |RESULT<26>     |   14.761|
A<2>           |RESULT<27>     |   15.137|
A<2>           |RESULT<28>     |   15.139|
A<2>           |RESULT<29>     |   15.294|
A<2>           |RESULT<30>     |   15.262|
A<2>           |RESULT<31>     |   15.643|
A<2>           |ZEROFLAG       |   18.225|
A<3>           |RESULT<0>      |   15.112|
A<3>           |RESULT<1>      |   15.046|
A<3>           |RESULT<2>      |   15.139|
A<3>           |RESULT<3>      |   15.558|
A<3>           |RESULT<4>      |   15.264|
A<3>           |RESULT<5>      |   15.194|
A<3>           |RESULT<6>      |   15.600|
A<3>           |RESULT<7>      |   15.641|
A<3>           |RESULT<8>      |   15.173|
A<3>           |RESULT<9>      |   14.652|
A<3>           |RESULT<10>     |   14.701|
A<3>           |RESULT<11>     |   14.600|
A<3>           |RESULT<12>     |   14.358|
A<3>           |RESULT<13>     |   14.292|
A<3>           |RESULT<14>     |   14.258|
A<3>           |RESULT<15>     |   14.585|
A<3>           |RESULT<16>     |   14.267|
A<3>           |RESULT<17>     |   14.204|
A<3>           |RESULT<18>     |   14.285|
A<3>           |RESULT<19>     |   14.098|
A<3>           |RESULT<20>     |   14.416|
A<3>           |RESULT<21>     |   14.617|
A<3>           |RESULT<22>     |   14.423|
A<3>           |RESULT<23>     |   14.329|
A<3>           |RESULT<24>     |   14.498|
A<3>           |RESULT<25>     |   14.362|
A<3>           |RESULT<26>     |   14.430|
A<3>           |RESULT<27>     |   14.806|
A<3>           |RESULT<28>     |   14.808|
A<3>           |RESULT<29>     |   14.963|
A<3>           |RESULT<30>     |   14.931|
A<3>           |RESULT<31>     |   15.312|
A<3>           |ZEROFLAG       |   17.894|
A<4>           |RESULT<0>      |   15.788|
A<4>           |RESULT<1>      |   15.722|
A<4>           |RESULT<2>      |   15.815|
A<4>           |RESULT<3>      |   16.234|
A<4>           |RESULT<4>      |   15.940|
A<4>           |RESULT<5>      |   15.870|
A<4>           |RESULT<6>      |   16.276|
A<4>           |RESULT<7>      |   16.317|
A<4>           |RESULT<8>      |   15.849|
A<4>           |RESULT<9>      |   15.328|
A<4>           |RESULT<10>     |   15.377|
A<4>           |RESULT<11>     |   15.276|
A<4>           |RESULT<12>     |   15.034|
A<4>           |RESULT<13>     |   14.968|
A<4>           |RESULT<14>     |   14.934|
A<4>           |RESULT<15>     |   15.261|
A<4>           |RESULT<16>     |   14.943|
A<4>           |RESULT<17>     |   14.880|
A<4>           |RESULT<18>     |   14.961|
A<4>           |RESULT<19>     |   14.774|
A<4>           |RESULT<20>     |   15.092|
A<4>           |RESULT<21>     |   15.293|
A<4>           |RESULT<22>     |   15.099|
A<4>           |RESULT<23>     |   15.005|
A<4>           |RESULT<24>     |   15.174|
A<4>           |RESULT<25>     |   15.038|
A<4>           |RESULT<26>     |   15.106|
A<4>           |RESULT<27>     |   15.482|
A<4>           |RESULT<28>     |   15.484|
A<4>           |RESULT<29>     |   15.639|
A<4>           |RESULT<30>     |   15.607|
A<4>           |RESULT<31>     |   15.988|
A<4>           |ZEROFLAG       |   18.570|
A<5>           |RESULT<0>      |   16.166|
A<5>           |RESULT<1>      |   16.100|
A<5>           |RESULT<2>      |   16.193|
A<5>           |RESULT<3>      |   16.612|
A<5>           |RESULT<4>      |   16.318|
A<5>           |RESULT<5>      |   16.248|
A<5>           |RESULT<6>      |   16.654|
A<5>           |RESULT<7>      |   16.695|
A<5>           |RESULT<8>      |   16.227|
A<5>           |RESULT<9>      |   15.706|
A<5>           |RESULT<10>     |   15.755|
A<5>           |RESULT<11>     |   15.654|
A<5>           |RESULT<12>     |   15.412|
A<5>           |RESULT<13>     |   15.346|
A<5>           |RESULT<14>     |   15.312|
A<5>           |RESULT<15>     |   15.639|
A<5>           |RESULT<16>     |   15.321|
A<5>           |RESULT<17>     |   15.258|
A<5>           |RESULT<18>     |   15.339|
A<5>           |RESULT<19>     |   15.152|
A<5>           |RESULT<20>     |   15.470|
A<5>           |RESULT<21>     |   15.671|
A<5>           |RESULT<22>     |   15.477|
A<5>           |RESULT<23>     |   15.383|
A<5>           |RESULT<24>     |   15.552|
A<5>           |RESULT<25>     |   15.416|
A<5>           |RESULT<26>     |   15.484|
A<5>           |RESULT<27>     |   15.860|
A<5>           |RESULT<28>     |   15.862|
A<5>           |RESULT<29>     |   16.017|
A<5>           |RESULT<30>     |   15.985|
A<5>           |RESULT<31>     |   16.366|
A<5>           |ZEROFLAG       |   18.948|
A<6>           |RESULT<0>      |   16.522|
A<6>           |RESULT<1>      |   16.456|
A<6>           |RESULT<2>      |   16.549|
A<6>           |RESULT<3>      |   16.968|
A<6>           |RESULT<4>      |   16.674|
A<6>           |RESULT<5>      |   16.604|
A<6>           |RESULT<6>      |   17.010|
A<6>           |RESULT<7>      |   17.051|
A<6>           |RESULT<8>      |   16.583|
A<6>           |RESULT<9>      |   16.062|
A<6>           |RESULT<10>     |   16.111|
A<6>           |RESULT<11>     |   16.010|
A<6>           |RESULT<12>     |   15.768|
A<6>           |RESULT<13>     |   15.702|
A<6>           |RESULT<14>     |   15.668|
A<6>           |RESULT<15>     |   15.995|
A<6>           |RESULT<16>     |   15.677|
A<6>           |RESULT<17>     |   15.614|
A<6>           |RESULT<18>     |   15.695|
A<6>           |RESULT<19>     |   15.508|
A<6>           |RESULT<20>     |   15.826|
A<6>           |RESULT<21>     |   16.027|
A<6>           |RESULT<22>     |   15.833|
A<6>           |RESULT<23>     |   15.739|
A<6>           |RESULT<24>     |   15.908|
A<6>           |RESULT<25>     |   15.772|
A<6>           |RESULT<26>     |   15.840|
A<6>           |RESULT<27>     |   16.216|
A<6>           |RESULT<28>     |   16.218|
A<6>           |RESULT<29>     |   16.373|
A<6>           |RESULT<30>     |   16.341|
A<6>           |RESULT<31>     |   16.722|
A<6>           |ZEROFLAG       |   19.304|
A<7>           |RESULT<0>      |   15.597|
A<7>           |RESULT<1>      |   15.531|
A<7>           |RESULT<2>      |   15.624|
A<7>           |RESULT<3>      |   16.043|
A<7>           |RESULT<4>      |   15.749|
A<7>           |RESULT<5>      |   15.679|
A<7>           |RESULT<6>      |   16.085|
A<7>           |RESULT<7>      |   16.126|
A<7>           |RESULT<8>      |   15.658|
A<7>           |RESULT<9>      |   15.137|
A<7>           |RESULT<10>     |   15.186|
A<7>           |RESULT<11>     |   15.085|
A<7>           |RESULT<12>     |   14.843|
A<7>           |RESULT<13>     |   14.777|
A<7>           |RESULT<14>     |   14.743|
A<7>           |RESULT<15>     |   15.070|
A<7>           |RESULT<16>     |   14.752|
A<7>           |RESULT<17>     |   14.689|
A<7>           |RESULT<18>     |   14.770|
A<7>           |RESULT<19>     |   14.583|
A<7>           |RESULT<20>     |   14.901|
A<7>           |RESULT<21>     |   15.102|
A<7>           |RESULT<22>     |   14.908|
A<7>           |RESULT<23>     |   14.814|
A<7>           |RESULT<24>     |   14.983|
A<7>           |RESULT<25>     |   14.847|
A<7>           |RESULT<26>     |   14.915|
A<7>           |RESULT<27>     |   15.291|
A<7>           |RESULT<28>     |   15.293|
A<7>           |RESULT<29>     |   15.448|
A<7>           |RESULT<30>     |   15.416|
A<7>           |RESULT<31>     |   15.797|
A<7>           |ZEROFLAG       |   18.379|
A<8>           |RESULT<0>      |   15.205|
A<8>           |RESULT<1>      |   15.139|
A<8>           |RESULT<2>      |   15.232|
A<8>           |RESULT<3>      |   15.651|
A<8>           |RESULT<4>      |   15.357|
A<8>           |RESULT<5>      |   15.287|
A<8>           |RESULT<6>      |   15.693|
A<8>           |RESULT<7>      |   15.734|
A<8>           |RESULT<8>      |   15.266|
A<8>           |RESULT<9>      |   14.745|
A<8>           |RESULT<10>     |   14.794|
A<8>           |RESULT<11>     |   14.693|
A<8>           |RESULT<12>     |   14.451|
A<8>           |RESULT<13>     |   14.385|
A<8>           |RESULT<14>     |   14.351|
A<8>           |RESULT<15>     |   14.678|
A<8>           |RESULT<16>     |   14.360|
A<8>           |RESULT<17>     |   14.297|
A<8>           |RESULT<18>     |   14.378|
A<8>           |RESULT<19>     |   14.191|
A<8>           |RESULT<20>     |   14.509|
A<8>           |RESULT<21>     |   14.710|
A<8>           |RESULT<22>     |   14.516|
A<8>           |RESULT<23>     |   14.422|
A<8>           |RESULT<24>     |   14.591|
A<8>           |RESULT<25>     |   14.455|
A<8>           |RESULT<26>     |   14.523|
A<8>           |RESULT<27>     |   14.899|
A<8>           |RESULT<28>     |   14.901|
A<8>           |RESULT<29>     |   15.056|
A<8>           |RESULT<30>     |   15.024|
A<8>           |RESULT<31>     |   15.405|
A<8>           |ZEROFLAG       |   17.987|
A<9>           |RESULT<0>      |   15.584|
A<9>           |RESULT<1>      |   15.518|
A<9>           |RESULT<2>      |   15.611|
A<9>           |RESULT<3>      |   16.030|
A<9>           |RESULT<4>      |   15.736|
A<9>           |RESULT<5>      |   15.666|
A<9>           |RESULT<6>      |   16.072|
A<9>           |RESULT<7>      |   16.113|
A<9>           |RESULT<8>      |   15.645|
A<9>           |RESULT<9>      |   15.124|
A<9>           |RESULT<10>     |   15.173|
A<9>           |RESULT<11>     |   15.072|
A<9>           |RESULT<12>     |   14.830|
A<9>           |RESULT<13>     |   14.764|
A<9>           |RESULT<14>     |   14.730|
A<9>           |RESULT<15>     |   15.057|
A<9>           |RESULT<16>     |   14.739|
A<9>           |RESULT<17>     |   14.676|
A<9>           |RESULT<18>     |   14.757|
A<9>           |RESULT<19>     |   14.570|
A<9>           |RESULT<20>     |   14.888|
A<9>           |RESULT<21>     |   15.089|
A<9>           |RESULT<22>     |   14.895|
A<9>           |RESULT<23>     |   14.801|
A<9>           |RESULT<24>     |   14.970|
A<9>           |RESULT<25>     |   14.834|
A<9>           |RESULT<26>     |   14.902|
A<9>           |RESULT<27>     |   15.278|
A<9>           |RESULT<28>     |   15.280|
A<9>           |RESULT<29>     |   15.435|
A<9>           |RESULT<30>     |   15.403|
A<9>           |RESULT<31>     |   15.784|
A<9>           |ZEROFLAG       |   18.366|
A<10>          |RESULT<0>      |   15.700|
A<10>          |RESULT<1>      |   15.634|
A<10>          |RESULT<2>      |   15.727|
A<10>          |RESULT<3>      |   16.146|
A<10>          |RESULT<4>      |   15.852|
A<10>          |RESULT<5>      |   15.782|
A<10>          |RESULT<6>      |   16.188|
A<10>          |RESULT<7>      |   16.229|
A<10>          |RESULT<8>      |   15.761|
A<10>          |RESULT<9>      |   15.240|
A<10>          |RESULT<10>     |   15.289|
A<10>          |RESULT<11>     |   15.188|
A<10>          |RESULT<12>     |   14.946|
A<10>          |RESULT<13>     |   14.880|
A<10>          |RESULT<14>     |   14.846|
A<10>          |RESULT<15>     |   15.173|
A<10>          |RESULT<16>     |   14.855|
A<10>          |RESULT<17>     |   14.792|
A<10>          |RESULT<18>     |   14.873|
A<10>          |RESULT<19>     |   14.686|
A<10>          |RESULT<20>     |   15.004|
A<10>          |RESULT<21>     |   15.205|
A<10>          |RESULT<22>     |   15.011|
A<10>          |RESULT<23>     |   14.917|
A<10>          |RESULT<24>     |   15.086|
A<10>          |RESULT<25>     |   14.950|
A<10>          |RESULT<26>     |   15.018|
A<10>          |RESULT<27>     |   15.394|
A<10>          |RESULT<28>     |   15.396|
A<10>          |RESULT<29>     |   15.551|
A<10>          |RESULT<30>     |   15.519|
A<10>          |RESULT<31>     |   15.900|
A<10>          |ZEROFLAG       |   18.482|
A<11>          |RESULT<0>      |   15.931|
A<11>          |RESULT<1>      |   15.865|
A<11>          |RESULT<2>      |   15.958|
A<11>          |RESULT<3>      |   16.377|
A<11>          |RESULT<4>      |   16.083|
A<11>          |RESULT<5>      |   16.013|
A<11>          |RESULT<6>      |   16.419|
A<11>          |RESULT<7>      |   16.460|
A<11>          |RESULT<8>      |   15.992|
A<11>          |RESULT<9>      |   15.471|
A<11>          |RESULT<10>     |   15.520|
A<11>          |RESULT<11>     |   15.419|
A<11>          |RESULT<12>     |   15.177|
A<11>          |RESULT<13>     |   15.111|
A<11>          |RESULT<14>     |   15.077|
A<11>          |RESULT<15>     |   15.404|
A<11>          |RESULT<16>     |   15.086|
A<11>          |RESULT<17>     |   15.023|
A<11>          |RESULT<18>     |   15.104|
A<11>          |RESULT<19>     |   14.917|
A<11>          |RESULT<20>     |   15.235|
A<11>          |RESULT<21>     |   15.436|
A<11>          |RESULT<22>     |   15.242|
A<11>          |RESULT<23>     |   15.148|
A<11>          |RESULT<24>     |   15.317|
A<11>          |RESULT<25>     |   15.181|
A<11>          |RESULT<26>     |   15.249|
A<11>          |RESULT<27>     |   15.625|
A<11>          |RESULT<28>     |   15.627|
A<11>          |RESULT<29>     |   15.782|
A<11>          |RESULT<30>     |   15.750|
A<11>          |RESULT<31>     |   16.131|
A<11>          |ZEROFLAG       |   18.713|
A<12>          |RESULT<0>      |   15.299|
A<12>          |RESULT<1>      |   15.233|
A<12>          |RESULT<2>      |   15.326|
A<12>          |RESULT<3>      |   15.745|
A<12>          |RESULT<4>      |   15.451|
A<12>          |RESULT<5>      |   15.381|
A<12>          |RESULT<6>      |   15.787|
A<12>          |RESULT<7>      |   15.828|
A<12>          |RESULT<8>      |   15.360|
A<12>          |RESULT<9>      |   14.839|
A<12>          |RESULT<10>     |   14.888|
A<12>          |RESULT<11>     |   14.787|
A<12>          |RESULT<12>     |   14.545|
A<12>          |RESULT<13>     |   14.479|
A<12>          |RESULT<14>     |   14.445|
A<12>          |RESULT<15>     |   14.772|
A<12>          |RESULT<16>     |   14.454|
A<12>          |RESULT<17>     |   14.391|
A<12>          |RESULT<18>     |   14.472|
A<12>          |RESULT<19>     |   14.285|
A<12>          |RESULT<20>     |   14.603|
A<12>          |RESULT<21>     |   14.804|
A<12>          |RESULT<22>     |   14.610|
A<12>          |RESULT<23>     |   14.516|
A<12>          |RESULT<24>     |   14.685|
A<12>          |RESULT<25>     |   14.549|
A<12>          |RESULT<26>     |   14.617|
A<12>          |RESULT<27>     |   14.993|
A<12>          |RESULT<28>     |   14.995|
A<12>          |RESULT<29>     |   15.150|
A<12>          |RESULT<30>     |   15.118|
A<12>          |RESULT<31>     |   15.499|
A<12>          |ZEROFLAG       |   18.081|
A<13>          |RESULT<0>      |   14.963|
A<13>          |RESULT<1>      |   14.897|
A<13>          |RESULT<2>      |   14.990|
A<13>          |RESULT<3>      |   15.409|
A<13>          |RESULT<4>      |   15.115|
A<13>          |RESULT<5>      |   15.045|
A<13>          |RESULT<6>      |   15.451|
A<13>          |RESULT<7>      |   15.492|
A<13>          |RESULT<8>      |   15.024|
A<13>          |RESULT<9>      |   14.503|
A<13>          |RESULT<10>     |   14.552|
A<13>          |RESULT<11>     |   14.451|
A<13>          |RESULT<12>     |   14.209|
A<13>          |RESULT<13>     |   14.143|
A<13>          |RESULT<14>     |   14.109|
A<13>          |RESULT<15>     |   14.436|
A<13>          |RESULT<16>     |   14.118|
A<13>          |RESULT<17>     |   14.055|
A<13>          |RESULT<18>     |   14.136|
A<13>          |RESULT<19>     |   13.949|
A<13>          |RESULT<20>     |   14.267|
A<13>          |RESULT<21>     |   14.468|
A<13>          |RESULT<22>     |   14.274|
A<13>          |RESULT<23>     |   14.180|
A<13>          |RESULT<24>     |   14.349|
A<13>          |RESULT<25>     |   14.213|
A<13>          |RESULT<26>     |   14.281|
A<13>          |RESULT<27>     |   14.657|
A<13>          |RESULT<28>     |   14.659|
A<13>          |RESULT<29>     |   14.814|
A<13>          |RESULT<30>     |   14.782|
A<13>          |RESULT<31>     |   15.163|
A<13>          |ZEROFLAG       |   17.745|
A<14>          |RESULT<0>      |   15.092|
A<14>          |RESULT<1>      |   15.026|
A<14>          |RESULT<2>      |   15.119|
A<14>          |RESULT<3>      |   15.538|
A<14>          |RESULT<4>      |   15.244|
A<14>          |RESULT<5>      |   15.174|
A<14>          |RESULT<6>      |   15.580|
A<14>          |RESULT<7>      |   15.621|
A<14>          |RESULT<8>      |   15.153|
A<14>          |RESULT<9>      |   14.632|
A<14>          |RESULT<10>     |   14.681|
A<14>          |RESULT<11>     |   14.580|
A<14>          |RESULT<12>     |   14.338|
A<14>          |RESULT<13>     |   14.272|
A<14>          |RESULT<14>     |   14.238|
A<14>          |RESULT<15>     |   14.565|
A<14>          |RESULT<16>     |   14.247|
A<14>          |RESULT<17>     |   14.184|
A<14>          |RESULT<18>     |   14.265|
A<14>          |RESULT<19>     |   14.078|
A<14>          |RESULT<20>     |   14.396|
A<14>          |RESULT<21>     |   14.597|
A<14>          |RESULT<22>     |   14.403|
A<14>          |RESULT<23>     |   14.309|
A<14>          |RESULT<24>     |   14.478|
A<14>          |RESULT<25>     |   14.342|
A<14>          |RESULT<26>     |   14.410|
A<14>          |RESULT<27>     |   14.786|
A<14>          |RESULT<28>     |   14.788|
A<14>          |RESULT<29>     |   14.943|
A<14>          |RESULT<30>     |   14.911|
A<14>          |RESULT<31>     |   15.292|
A<14>          |ZEROFLAG       |   17.874|
A<15>          |RESULT<0>      |   15.627|
A<15>          |RESULT<1>      |   15.561|
A<15>          |RESULT<2>      |   15.654|
A<15>          |RESULT<3>      |   16.073|
A<15>          |RESULT<4>      |   15.779|
A<15>          |RESULT<5>      |   15.709|
A<15>          |RESULT<6>      |   16.115|
A<15>          |RESULT<7>      |   16.156|
A<15>          |RESULT<8>      |   15.688|
A<15>          |RESULT<9>      |   15.167|
A<15>          |RESULT<10>     |   15.216|
A<15>          |RESULT<11>     |   15.115|
A<15>          |RESULT<12>     |   14.873|
A<15>          |RESULT<13>     |   14.807|
A<15>          |RESULT<14>     |   14.773|
A<15>          |RESULT<15>     |   15.100|
A<15>          |RESULT<16>     |   14.782|
A<15>          |RESULT<17>     |   14.719|
A<15>          |RESULT<18>     |   14.800|
A<15>          |RESULT<19>     |   14.613|
A<15>          |RESULT<20>     |   14.931|
A<15>          |RESULT<21>     |   15.132|
A<15>          |RESULT<22>     |   14.938|
A<15>          |RESULT<23>     |   14.844|
A<15>          |RESULT<24>     |   15.013|
A<15>          |RESULT<25>     |   14.877|
A<15>          |RESULT<26>     |   14.945|
A<15>          |RESULT<27>     |   15.321|
A<15>          |RESULT<28>     |   15.323|
A<15>          |RESULT<29>     |   15.478|
A<15>          |RESULT<30>     |   15.446|
A<15>          |RESULT<31>     |   15.827|
A<15>          |ZEROFLAG       |   18.409|
A<16>          |RESULT<0>      |   14.765|
A<16>          |RESULT<1>      |   14.699|
A<16>          |RESULT<2>      |   14.792|
A<16>          |RESULT<3>      |   15.211|
A<16>          |RESULT<4>      |   14.917|
A<16>          |RESULT<5>      |   14.847|
A<16>          |RESULT<6>      |   15.253|
A<16>          |RESULT<7>      |   15.294|
A<16>          |RESULT<8>      |   14.826|
A<16>          |RESULT<9>      |   14.305|
A<16>          |RESULT<10>     |   14.354|
A<16>          |RESULT<11>     |   14.253|
A<16>          |RESULT<12>     |   14.011|
A<16>          |RESULT<13>     |   13.945|
A<16>          |RESULT<14>     |   13.911|
A<16>          |RESULT<15>     |   14.238|
A<16>          |RESULT<16>     |   13.920|
A<16>          |RESULT<17>     |   13.857|
A<16>          |RESULT<18>     |   13.938|
A<16>          |RESULT<19>     |   13.751|
A<16>          |RESULT<20>     |   14.069|
A<16>          |RESULT<21>     |   14.270|
A<16>          |RESULT<22>     |   14.076|
A<16>          |RESULT<23>     |   13.982|
A<16>          |RESULT<24>     |   14.151|
A<16>          |RESULT<25>     |   14.015|
A<16>          |RESULT<26>     |   14.083|
A<16>          |RESULT<27>     |   14.459|
A<16>          |RESULT<28>     |   14.461|
A<16>          |RESULT<29>     |   14.616|
A<16>          |RESULT<30>     |   14.584|
A<16>          |RESULT<31>     |   14.965|
A<16>          |ZEROFLAG       |   17.547|
A<17>          |RESULT<0>      |   14.652|
A<17>          |RESULT<1>      |   14.586|
A<17>          |RESULT<2>      |   14.679|
A<17>          |RESULT<3>      |   15.098|
A<17>          |RESULT<4>      |   14.804|
A<17>          |RESULT<5>      |   14.734|
A<17>          |RESULT<6>      |   15.140|
A<17>          |RESULT<7>      |   15.181|
A<17>          |RESULT<8>      |   14.713|
A<17>          |RESULT<9>      |   14.192|
A<17>          |RESULT<10>     |   14.241|
A<17>          |RESULT<11>     |   14.140|
A<17>          |RESULT<12>     |   13.898|
A<17>          |RESULT<13>     |   13.832|
A<17>          |RESULT<14>     |   13.798|
A<17>          |RESULT<15>     |   14.125|
A<17>          |RESULT<16>     |   13.807|
A<17>          |RESULT<17>     |   13.744|
A<17>          |RESULT<18>     |   13.825|
A<17>          |RESULT<19>     |   13.638|
A<17>          |RESULT<20>     |   13.956|
A<17>          |RESULT<21>     |   14.157|
A<17>          |RESULT<22>     |   13.963|
A<17>          |RESULT<23>     |   13.869|
A<17>          |RESULT<24>     |   14.038|
A<17>          |RESULT<25>     |   13.902|
A<17>          |RESULT<26>     |   13.970|
A<17>          |RESULT<27>     |   14.346|
A<17>          |RESULT<28>     |   14.348|
A<17>          |RESULT<29>     |   14.503|
A<17>          |RESULT<30>     |   14.471|
A<17>          |RESULT<31>     |   14.852|
A<17>          |ZEROFLAG       |   17.434|
A<18>          |RESULT<0>      |   14.621|
A<18>          |RESULT<1>      |   14.555|
A<18>          |RESULT<2>      |   14.648|
A<18>          |RESULT<3>      |   15.067|
A<18>          |RESULT<4>      |   14.773|
A<18>          |RESULT<5>      |   14.703|
A<18>          |RESULT<6>      |   15.109|
A<18>          |RESULT<7>      |   15.150|
A<18>          |RESULT<8>      |   14.682|
A<18>          |RESULT<9>      |   14.161|
A<18>          |RESULT<10>     |   14.210|
A<18>          |RESULT<11>     |   14.109|
A<18>          |RESULT<12>     |   13.867|
A<18>          |RESULT<13>     |   13.801|
A<18>          |RESULT<14>     |   13.767|
A<18>          |RESULT<15>     |   14.094|
A<18>          |RESULT<16>     |   13.776|
A<18>          |RESULT<17>     |   13.713|
A<18>          |RESULT<18>     |   13.794|
A<18>          |RESULT<19>     |   13.607|
A<18>          |RESULT<20>     |   13.925|
A<18>          |RESULT<21>     |   14.126|
A<18>          |RESULT<22>     |   13.932|
A<18>          |RESULT<23>     |   13.838|
A<18>          |RESULT<24>     |   14.007|
A<18>          |RESULT<25>     |   13.871|
A<18>          |RESULT<26>     |   13.939|
A<18>          |RESULT<27>     |   14.315|
A<18>          |RESULT<28>     |   14.317|
A<18>          |RESULT<29>     |   14.472|
A<18>          |RESULT<30>     |   14.440|
A<18>          |RESULT<31>     |   14.821|
A<18>          |ZEROFLAG       |   17.403|
A<19>          |RESULT<0>      |   14.447|
A<19>          |RESULT<1>      |   14.381|
A<19>          |RESULT<2>      |   14.474|
A<19>          |RESULT<3>      |   14.893|
A<19>          |RESULT<4>      |   14.599|
A<19>          |RESULT<5>      |   14.529|
A<19>          |RESULT<6>      |   14.935|
A<19>          |RESULT<7>      |   14.976|
A<19>          |RESULT<8>      |   14.508|
A<19>          |RESULT<9>      |   13.987|
A<19>          |RESULT<10>     |   14.036|
A<19>          |RESULT<11>     |   13.935|
A<19>          |RESULT<12>     |   13.693|
A<19>          |RESULT<13>     |   13.627|
A<19>          |RESULT<14>     |   13.593|
A<19>          |RESULT<15>     |   13.920|
A<19>          |RESULT<16>     |   13.602|
A<19>          |RESULT<17>     |   13.539|
A<19>          |RESULT<18>     |   13.620|
A<19>          |RESULT<19>     |   13.433|
A<19>          |RESULT<20>     |   13.751|
A<19>          |RESULT<21>     |   13.952|
A<19>          |RESULT<22>     |   13.758|
A<19>          |RESULT<23>     |   13.664|
A<19>          |RESULT<24>     |   13.833|
A<19>          |RESULT<25>     |   13.697|
A<19>          |RESULT<26>     |   13.765|
A<19>          |RESULT<27>     |   14.141|
A<19>          |RESULT<28>     |   14.143|
A<19>          |RESULT<29>     |   14.298|
A<19>          |RESULT<30>     |   14.266|
A<19>          |RESULT<31>     |   14.647|
A<19>          |ZEROFLAG       |   17.229|
A<20>          |RESULT<0>      |   14.519|
A<20>          |RESULT<1>      |   14.453|
A<20>          |RESULT<2>      |   14.546|
A<20>          |RESULT<3>      |   14.965|
A<20>          |RESULT<4>      |   14.671|
A<20>          |RESULT<5>      |   14.601|
A<20>          |RESULT<6>      |   15.007|
A<20>          |RESULT<7>      |   15.048|
A<20>          |RESULT<8>      |   14.580|
A<20>          |RESULT<9>      |   14.059|
A<20>          |RESULT<10>     |   14.108|
A<20>          |RESULT<11>     |   14.007|
A<20>          |RESULT<12>     |   13.765|
A<20>          |RESULT<13>     |   13.699|
A<20>          |RESULT<14>     |   13.665|
A<20>          |RESULT<15>     |   13.992|
A<20>          |RESULT<16>     |   13.674|
A<20>          |RESULT<17>     |   13.611|
A<20>          |RESULT<18>     |   13.692|
A<20>          |RESULT<19>     |   13.505|
A<20>          |RESULT<20>     |   13.823|
A<20>          |RESULT<21>     |   14.024|
A<20>          |RESULT<22>     |   13.830|
A<20>          |RESULT<23>     |   13.736|
A<20>          |RESULT<24>     |   13.905|
A<20>          |RESULT<25>     |   13.769|
A<20>          |RESULT<26>     |   13.837|
A<20>          |RESULT<27>     |   14.213|
A<20>          |RESULT<28>     |   14.215|
A<20>          |RESULT<29>     |   14.370|
A<20>          |RESULT<30>     |   14.338|
A<20>          |RESULT<31>     |   14.719|
A<20>          |ZEROFLAG       |   17.301|
A<21>          |RESULT<0>      |   14.540|
A<21>          |RESULT<1>      |   14.474|
A<21>          |RESULT<2>      |   14.567|
A<21>          |RESULT<3>      |   14.986|
A<21>          |RESULT<4>      |   14.692|
A<21>          |RESULT<5>      |   14.622|
A<21>          |RESULT<6>      |   15.028|
A<21>          |RESULT<7>      |   15.069|
A<21>          |RESULT<8>      |   14.601|
A<21>          |RESULT<9>      |   14.080|
A<21>          |RESULT<10>     |   14.129|
A<21>          |RESULT<11>     |   14.028|
A<21>          |RESULT<12>     |   13.786|
A<21>          |RESULT<13>     |   13.720|
A<21>          |RESULT<14>     |   13.686|
A<21>          |RESULT<15>     |   14.013|
A<21>          |RESULT<16>     |   13.695|
A<21>          |RESULT<17>     |   13.632|
A<21>          |RESULT<18>     |   13.713|
A<21>          |RESULT<19>     |   13.526|
A<21>          |RESULT<20>     |   13.844|
A<21>          |RESULT<21>     |   14.045|
A<21>          |RESULT<22>     |   13.851|
A<21>          |RESULT<23>     |   13.757|
A<21>          |RESULT<24>     |   13.926|
A<21>          |RESULT<25>     |   13.790|
A<21>          |RESULT<26>     |   13.858|
A<21>          |RESULT<27>     |   14.234|
A<21>          |RESULT<28>     |   14.236|
A<21>          |RESULT<29>     |   14.391|
A<21>          |RESULT<30>     |   14.359|
A<21>          |RESULT<31>     |   14.740|
A<21>          |ZEROFLAG       |   17.322|
A<22>          |RESULT<0>      |   15.200|
A<22>          |RESULT<1>      |   15.134|
A<22>          |RESULT<2>      |   15.227|
A<22>          |RESULT<3>      |   15.646|
A<22>          |RESULT<4>      |   15.352|
A<22>          |RESULT<5>      |   15.282|
A<22>          |RESULT<6>      |   15.688|
A<22>          |RESULT<7>      |   15.729|
A<22>          |RESULT<8>      |   15.261|
A<22>          |RESULT<9>      |   14.740|
A<22>          |RESULT<10>     |   14.789|
A<22>          |RESULT<11>     |   14.688|
A<22>          |RESULT<12>     |   14.446|
A<22>          |RESULT<13>     |   14.380|
A<22>          |RESULT<14>     |   14.346|
A<22>          |RESULT<15>     |   14.673|
A<22>          |RESULT<16>     |   14.355|
A<22>          |RESULT<17>     |   14.292|
A<22>          |RESULT<18>     |   14.373|
A<22>          |RESULT<19>     |   14.186|
A<22>          |RESULT<20>     |   14.504|
A<22>          |RESULT<21>     |   14.705|
A<22>          |RESULT<22>     |   14.511|
A<22>          |RESULT<23>     |   14.417|
A<22>          |RESULT<24>     |   14.586|
A<22>          |RESULT<25>     |   14.450|
A<22>          |RESULT<26>     |   14.518|
A<22>          |RESULT<27>     |   14.894|
A<22>          |RESULT<28>     |   14.896|
A<22>          |RESULT<29>     |   15.051|
A<22>          |RESULT<30>     |   15.019|
A<22>          |RESULT<31>     |   15.400|
A<22>          |ZEROFLAG       |   17.982|
A<23>          |RESULT<0>      |   14.223|
A<23>          |RESULT<1>      |   14.157|
A<23>          |RESULT<2>      |   14.250|
A<23>          |RESULT<3>      |   14.669|
A<23>          |RESULT<4>      |   14.375|
A<23>          |RESULT<5>      |   14.305|
A<23>          |RESULT<6>      |   14.711|
A<23>          |RESULT<7>      |   14.752|
A<23>          |RESULT<8>      |   14.284|
A<23>          |RESULT<9>      |   13.763|
A<23>          |RESULT<10>     |   13.812|
A<23>          |RESULT<11>     |   13.711|
A<23>          |RESULT<12>     |   13.469|
A<23>          |RESULT<13>     |   13.403|
A<23>          |RESULT<14>     |   13.369|
A<23>          |RESULT<15>     |   13.696|
A<23>          |RESULT<16>     |   13.378|
A<23>          |RESULT<17>     |   13.315|
A<23>          |RESULT<18>     |   13.396|
A<23>          |RESULT<19>     |   13.209|
A<23>          |RESULT<20>     |   13.527|
A<23>          |RESULT<21>     |   13.728|
A<23>          |RESULT<22>     |   13.534|
A<23>          |RESULT<23>     |   13.440|
A<23>          |RESULT<24>     |   13.609|
A<23>          |RESULT<25>     |   13.473|
A<23>          |RESULT<26>     |   13.541|
A<23>          |RESULT<27>     |   13.917|
A<23>          |RESULT<28>     |   13.919|
A<23>          |RESULT<29>     |   14.074|
A<23>          |RESULT<30>     |   14.042|
A<23>          |RESULT<31>     |   14.423|
A<23>          |ZEROFLAG       |   17.005|
A<24>          |RESULT<0>      |   14.391|
A<24>          |RESULT<1>      |   14.325|
A<24>          |RESULT<2>      |   14.418|
A<24>          |RESULT<3>      |   14.837|
A<24>          |RESULT<4>      |   14.543|
A<24>          |RESULT<5>      |   14.473|
A<24>          |RESULT<6>      |   14.879|
A<24>          |RESULT<7>      |   14.920|
A<24>          |RESULT<8>      |   14.452|
A<24>          |RESULT<9>      |   13.931|
A<24>          |RESULT<10>     |   13.980|
A<24>          |RESULT<11>     |   13.879|
A<24>          |RESULT<12>     |   13.637|
A<24>          |RESULT<13>     |   13.571|
A<24>          |RESULT<14>     |   13.537|
A<24>          |RESULT<15>     |   13.864|
A<24>          |RESULT<16>     |   13.546|
A<24>          |RESULT<17>     |   13.483|
A<24>          |RESULT<18>     |   13.564|
A<24>          |RESULT<19>     |   13.377|
A<24>          |RESULT<20>     |   13.695|
A<24>          |RESULT<21>     |   13.896|
A<24>          |RESULT<22>     |   13.702|
A<24>          |RESULT<23>     |   13.608|
A<24>          |RESULT<24>     |   13.777|
A<24>          |RESULT<25>     |   13.641|
A<24>          |RESULT<26>     |   13.709|
A<24>          |RESULT<27>     |   14.085|
A<24>          |RESULT<28>     |   14.087|
A<24>          |RESULT<29>     |   14.242|
A<24>          |RESULT<30>     |   14.210|
A<24>          |RESULT<31>     |   14.591|
A<24>          |ZEROFLAG       |   17.173|
A<25>          |RESULT<0>      |   14.031|
A<25>          |RESULT<1>      |   13.965|
A<25>          |RESULT<2>      |   14.058|
A<25>          |RESULT<3>      |   14.477|
A<25>          |RESULT<4>      |   14.183|
A<25>          |RESULT<5>      |   14.113|
A<25>          |RESULT<6>      |   14.519|
A<25>          |RESULT<7>      |   14.560|
A<25>          |RESULT<8>      |   14.092|
A<25>          |RESULT<9>      |   13.571|
A<25>          |RESULT<10>     |   13.620|
A<25>          |RESULT<11>     |   13.519|
A<25>          |RESULT<12>     |   13.277|
A<25>          |RESULT<13>     |   13.211|
A<25>          |RESULT<14>     |   13.177|
A<25>          |RESULT<15>     |   13.504|
A<25>          |RESULT<16>     |   13.186|
A<25>          |RESULT<17>     |   13.123|
A<25>          |RESULT<18>     |   13.204|
A<25>          |RESULT<19>     |   13.017|
A<25>          |RESULT<20>     |   13.335|
A<25>          |RESULT<21>     |   13.536|
A<25>          |RESULT<22>     |   13.342|
A<25>          |RESULT<23>     |   13.248|
A<25>          |RESULT<24>     |   13.417|
A<25>          |RESULT<25>     |   13.281|
A<25>          |RESULT<26>     |   13.349|
A<25>          |RESULT<27>     |   13.725|
A<25>          |RESULT<28>     |   13.727|
A<25>          |RESULT<29>     |   13.882|
A<25>          |RESULT<30>     |   13.850|
A<25>          |RESULT<31>     |   14.231|
A<25>          |ZEROFLAG       |   16.813|
A<26>          |RESULT<0>      |   14.409|
A<26>          |RESULT<1>      |   14.343|
A<26>          |RESULT<2>      |   14.436|
A<26>          |RESULT<3>      |   14.855|
A<26>          |RESULT<4>      |   14.561|
A<26>          |RESULT<5>      |   14.491|
A<26>          |RESULT<6>      |   14.897|
A<26>          |RESULT<7>      |   14.938|
A<26>          |RESULT<8>      |   14.470|
A<26>          |RESULT<9>      |   13.949|
A<26>          |RESULT<10>     |   13.998|
A<26>          |RESULT<11>     |   13.897|
A<26>          |RESULT<12>     |   13.655|
A<26>          |RESULT<13>     |   13.589|
A<26>          |RESULT<14>     |   13.555|
A<26>          |RESULT<15>     |   13.882|
A<26>          |RESULT<16>     |   13.564|
A<26>          |RESULT<17>     |   13.501|
A<26>          |RESULT<18>     |   13.582|
A<26>          |RESULT<19>     |   13.395|
A<26>          |RESULT<20>     |   13.713|
A<26>          |RESULT<21>     |   13.914|
A<26>          |RESULT<22>     |   13.720|
A<26>          |RESULT<23>     |   13.626|
A<26>          |RESULT<24>     |   13.795|
A<26>          |RESULT<25>     |   13.659|
A<26>          |RESULT<26>     |   13.727|
A<26>          |RESULT<27>     |   14.103|
A<26>          |RESULT<28>     |   14.105|
A<26>          |RESULT<29>     |   14.260|
A<26>          |RESULT<30>     |   14.228|
A<26>          |RESULT<31>     |   14.609|
A<26>          |ZEROFLAG       |   17.191|
A<27>          |RESULT<0>      |   14.189|
A<27>          |RESULT<1>      |   14.123|
A<27>          |RESULT<2>      |   14.216|
A<27>          |RESULT<3>      |   14.635|
A<27>          |RESULT<4>      |   14.341|
A<27>          |RESULT<5>      |   14.271|
A<27>          |RESULT<6>      |   14.677|
A<27>          |RESULT<7>      |   14.718|
A<27>          |RESULT<8>      |   14.250|
A<27>          |RESULT<9>      |   13.729|
A<27>          |RESULT<10>     |   13.778|
A<27>          |RESULT<11>     |   13.677|
A<27>          |RESULT<12>     |   13.435|
A<27>          |RESULT<13>     |   13.369|
A<27>          |RESULT<14>     |   13.335|
A<27>          |RESULT<15>     |   13.662|
A<27>          |RESULT<16>     |   13.344|
A<27>          |RESULT<17>     |   13.281|
A<27>          |RESULT<18>     |   13.362|
A<27>          |RESULT<19>     |   13.175|
A<27>          |RESULT<20>     |   13.493|
A<27>          |RESULT<21>     |   13.694|
A<27>          |RESULT<22>     |   13.500|
A<27>          |RESULT<23>     |   13.406|
A<27>          |RESULT<24>     |   13.575|
A<27>          |RESULT<25>     |   13.439|
A<27>          |RESULT<26>     |   13.507|
A<27>          |RESULT<27>     |   13.883|
A<27>          |RESULT<28>     |   13.885|
A<27>          |RESULT<29>     |   14.040|
A<27>          |RESULT<30>     |   14.008|
A<27>          |RESULT<31>     |   14.389|
A<27>          |ZEROFLAG       |   16.971|
A<28>          |RESULT<0>      |   14.060|
A<28>          |RESULT<1>      |   13.994|
A<28>          |RESULT<2>      |   14.087|
A<28>          |RESULT<3>      |   14.506|
A<28>          |RESULT<4>      |   14.212|
A<28>          |RESULT<5>      |   14.142|
A<28>          |RESULT<6>      |   14.548|
A<28>          |RESULT<7>      |   14.589|
A<28>          |RESULT<8>      |   14.121|
A<28>          |RESULT<9>      |   13.600|
A<28>          |RESULT<10>     |   13.649|
A<28>          |RESULT<11>     |   13.548|
A<28>          |RESULT<12>     |   13.306|
A<28>          |RESULT<13>     |   13.240|
A<28>          |RESULT<14>     |   13.206|
A<28>          |RESULT<15>     |   13.533|
A<28>          |RESULT<16>     |   13.215|
A<28>          |RESULT<17>     |   13.152|
A<28>          |RESULT<18>     |   13.233|
A<28>          |RESULT<19>     |   13.046|
A<28>          |RESULT<20>     |   13.364|
A<28>          |RESULT<21>     |   13.565|
A<28>          |RESULT<22>     |   13.371|
A<28>          |RESULT<23>     |   13.277|
A<28>          |RESULT<24>     |   13.446|
A<28>          |RESULT<25>     |   13.310|
A<28>          |RESULT<26>     |   13.378|
A<28>          |RESULT<27>     |   13.754|
A<28>          |RESULT<28>     |   13.756|
A<28>          |RESULT<29>     |   13.911|
A<28>          |RESULT<30>     |   13.879|
A<28>          |RESULT<31>     |   14.260|
A<28>          |ZEROFLAG       |   16.842|
A<29>          |RESULT<0>      |   13.919|
A<29>          |RESULT<1>      |   13.853|
A<29>          |RESULT<2>      |   13.946|
A<29>          |RESULT<3>      |   14.365|
A<29>          |RESULT<4>      |   14.071|
A<29>          |RESULT<5>      |   14.001|
A<29>          |RESULT<6>      |   14.407|
A<29>          |RESULT<7>      |   14.448|
A<29>          |RESULT<8>      |   13.980|
A<29>          |RESULT<9>      |   13.459|
A<29>          |RESULT<10>     |   13.508|
A<29>          |RESULT<11>     |   13.407|
A<29>          |RESULT<12>     |   13.165|
A<29>          |RESULT<13>     |   13.099|
A<29>          |RESULT<14>     |   13.065|
A<29>          |RESULT<15>     |   13.392|
A<29>          |RESULT<16>     |   13.074|
A<29>          |RESULT<17>     |   13.011|
A<29>          |RESULT<18>     |   13.092|
A<29>          |RESULT<19>     |   12.905|
A<29>          |RESULT<20>     |   13.223|
A<29>          |RESULT<21>     |   13.424|
A<29>          |RESULT<22>     |   13.230|
A<29>          |RESULT<23>     |   13.136|
A<29>          |RESULT<24>     |   13.305|
A<29>          |RESULT<25>     |   13.169|
A<29>          |RESULT<26>     |   13.237|
A<29>          |RESULT<27>     |   13.613|
A<29>          |RESULT<28>     |   13.615|
A<29>          |RESULT<29>     |   13.770|
A<29>          |RESULT<30>     |   13.738|
A<29>          |RESULT<31>     |   14.119|
A<29>          |ZEROFLAG       |   16.701|
A<30>          |RESULT<0>      |   13.584|
A<30>          |RESULT<1>      |   13.518|
A<30>          |RESULT<2>      |   13.611|
A<30>          |RESULT<3>      |   14.030|
A<30>          |RESULT<4>      |   13.736|
A<30>          |RESULT<5>      |   13.666|
A<30>          |RESULT<6>      |   14.072|
A<30>          |RESULT<7>      |   14.113|
A<30>          |RESULT<8>      |   13.645|
A<30>          |RESULT<9>      |   13.124|
A<30>          |RESULT<10>     |   13.173|
A<30>          |RESULT<11>     |   13.072|
A<30>          |RESULT<12>     |   12.830|
A<30>          |RESULT<13>     |   12.764|
A<30>          |RESULT<14>     |   12.730|
A<30>          |RESULT<15>     |   13.057|
A<30>          |RESULT<16>     |   12.739|
A<30>          |RESULT<17>     |   12.676|
A<30>          |RESULT<18>     |   12.757|
A<30>          |RESULT<19>     |   12.570|
A<30>          |RESULT<20>     |   12.888|
A<30>          |RESULT<21>     |   13.089|
A<30>          |RESULT<22>     |   12.895|
A<30>          |RESULT<23>     |   12.801|
A<30>          |RESULT<24>     |   12.970|
A<30>          |RESULT<25>     |   12.834|
A<30>          |RESULT<26>     |   12.902|
A<30>          |RESULT<27>     |   13.278|
A<30>          |RESULT<28>     |   13.280|
A<30>          |RESULT<29>     |   13.435|
A<30>          |RESULT<30>     |   13.403|
A<30>          |RESULT<31>     |   13.784|
A<30>          |ZEROFLAG       |   16.366|
A<31>          |RESULT<0>      |   12.432|
A<31>          |RESULT<1>      |   12.366|
A<31>          |RESULT<2>      |   12.459|
A<31>          |RESULT<3>      |   12.878|
A<31>          |RESULT<4>      |   12.584|
A<31>          |RESULT<5>      |   12.514|
A<31>          |RESULT<6>      |   12.920|
A<31>          |RESULT<7>      |   12.961|
A<31>          |RESULT<8>      |   12.493|
A<31>          |RESULT<9>      |   11.972|
A<31>          |RESULT<10>     |   12.021|
A<31>          |RESULT<11>     |   11.920|
A<31>          |RESULT<12>     |   11.678|
A<31>          |RESULT<13>     |   11.612|
A<31>          |RESULT<14>     |   11.578|
A<31>          |RESULT<15>     |   11.905|
A<31>          |RESULT<16>     |   11.587|
A<31>          |RESULT<17>     |   11.524|
A<31>          |RESULT<18>     |   11.605|
A<31>          |RESULT<19>     |   11.418|
A<31>          |RESULT<20>     |   11.736|
A<31>          |RESULT<21>     |   11.937|
A<31>          |RESULT<22>     |   11.743|
A<31>          |RESULT<23>     |   11.649|
A<31>          |RESULT<24>     |   11.818|
A<31>          |RESULT<25>     |   11.682|
A<31>          |RESULT<26>     |   11.750|
A<31>          |RESULT<27>     |   12.126|
A<31>          |RESULT<28>     |   12.128|
A<31>          |RESULT<29>     |   12.283|
A<31>          |RESULT<30>     |   12.251|
A<31>          |RESULT<31>     |   12.632|
A<31>          |ZEROFLAG       |   15.214|
B<0>           |RESULT<0>      |   15.567|
B<0>           |RESULT<1>      |   15.501|
B<0>           |RESULT<2>      |   15.594|
B<0>           |RESULT<3>      |   16.013|
B<0>           |RESULT<4>      |   15.719|
B<0>           |RESULT<5>      |   15.649|
B<0>           |RESULT<6>      |   16.055|
B<0>           |RESULT<7>      |   16.096|
B<0>           |RESULT<8>      |   15.628|
B<0>           |RESULT<9>      |   15.107|
B<0>           |RESULT<10>     |   15.156|
B<0>           |RESULT<11>     |   15.055|
B<0>           |RESULT<12>     |   14.813|
B<0>           |RESULT<13>     |   14.747|
B<0>           |RESULT<14>     |   14.713|
B<0>           |RESULT<15>     |   15.040|
B<0>           |RESULT<16>     |   14.722|
B<0>           |RESULT<17>     |   14.659|
B<0>           |RESULT<18>     |   14.740|
B<0>           |RESULT<19>     |   14.553|
B<0>           |RESULT<20>     |   14.871|
B<0>           |RESULT<21>     |   15.072|
B<0>           |RESULT<22>     |   14.878|
B<0>           |RESULT<23>     |   14.784|
B<0>           |RESULT<24>     |   14.953|
B<0>           |RESULT<25>     |   14.817|
B<0>           |RESULT<26>     |   14.885|
B<0>           |RESULT<27>     |   15.261|
B<0>           |RESULT<28>     |   15.263|
B<0>           |RESULT<29>     |   15.418|
B<0>           |RESULT<30>     |   15.386|
B<0>           |RESULT<31>     |   15.767|
B<0>           |ZEROFLAG       |   18.349|
B<1>           |RESULT<0>      |   15.668|
B<1>           |RESULT<1>      |   15.602|
B<1>           |RESULT<2>      |   15.695|
B<1>           |RESULT<3>      |   16.114|
B<1>           |RESULT<4>      |   15.820|
B<1>           |RESULT<5>      |   15.750|
B<1>           |RESULT<6>      |   16.156|
B<1>           |RESULT<7>      |   16.197|
B<1>           |RESULT<8>      |   15.729|
B<1>           |RESULT<9>      |   15.208|
B<1>           |RESULT<10>     |   15.257|
B<1>           |RESULT<11>     |   15.156|
B<1>           |RESULT<12>     |   14.914|
B<1>           |RESULT<13>     |   14.848|
B<1>           |RESULT<14>     |   14.814|
B<1>           |RESULT<15>     |   15.141|
B<1>           |RESULT<16>     |   14.823|
B<1>           |RESULT<17>     |   14.760|
B<1>           |RESULT<18>     |   14.841|
B<1>           |RESULT<19>     |   14.654|
B<1>           |RESULT<20>     |   14.972|
B<1>           |RESULT<21>     |   15.173|
B<1>           |RESULT<22>     |   14.979|
B<1>           |RESULT<23>     |   14.885|
B<1>           |RESULT<24>     |   15.054|
B<1>           |RESULT<25>     |   14.918|
B<1>           |RESULT<26>     |   14.986|
B<1>           |RESULT<27>     |   15.362|
B<1>           |RESULT<28>     |   15.364|
B<1>           |RESULT<29>     |   15.519|
B<1>           |RESULT<30>     |   15.487|
B<1>           |RESULT<31>     |   15.868|
B<1>           |ZEROFLAG       |   18.450|
B<2>           |RESULT<0>      |   15.896|
B<2>           |RESULT<1>      |   15.830|
B<2>           |RESULT<2>      |   15.923|
B<2>           |RESULT<3>      |   16.342|
B<2>           |RESULT<4>      |   16.048|
B<2>           |RESULT<5>      |   15.978|
B<2>           |RESULT<6>      |   16.384|
B<2>           |RESULT<7>      |   16.425|
B<2>           |RESULT<8>      |   15.957|
B<2>           |RESULT<9>      |   15.436|
B<2>           |RESULT<10>     |   15.485|
B<2>           |RESULT<11>     |   15.384|
B<2>           |RESULT<12>     |   15.142|
B<2>           |RESULT<13>     |   15.076|
B<2>           |RESULT<14>     |   15.042|
B<2>           |RESULT<15>     |   15.369|
B<2>           |RESULT<16>     |   15.051|
B<2>           |RESULT<17>     |   14.988|
B<2>           |RESULT<18>     |   15.069|
B<2>           |RESULT<19>     |   14.882|
B<2>           |RESULT<20>     |   15.200|
B<2>           |RESULT<21>     |   15.401|
B<2>           |RESULT<22>     |   15.207|
B<2>           |RESULT<23>     |   15.113|
B<2>           |RESULT<24>     |   15.282|
B<2>           |RESULT<25>     |   15.146|
B<2>           |RESULT<26>     |   15.214|
B<2>           |RESULT<27>     |   15.590|
B<2>           |RESULT<28>     |   15.592|
B<2>           |RESULT<29>     |   15.747|
B<2>           |RESULT<30>     |   15.715|
B<2>           |RESULT<31>     |   16.096|
B<2>           |ZEROFLAG       |   18.678|
B<3>           |RESULT<0>      |   15.025|
B<3>           |RESULT<1>      |   14.959|
B<3>           |RESULT<2>      |   15.052|
B<3>           |RESULT<3>      |   15.471|
B<3>           |RESULT<4>      |   15.177|
B<3>           |RESULT<5>      |   15.107|
B<3>           |RESULT<6>      |   15.513|
B<3>           |RESULT<7>      |   15.554|
B<3>           |RESULT<8>      |   15.086|
B<3>           |RESULT<9>      |   14.565|
B<3>           |RESULT<10>     |   14.614|
B<3>           |RESULT<11>     |   14.513|
B<3>           |RESULT<12>     |   14.271|
B<3>           |RESULT<13>     |   14.205|
B<3>           |RESULT<14>     |   14.171|
B<3>           |RESULT<15>     |   14.498|
B<3>           |RESULT<16>     |   14.180|
B<3>           |RESULT<17>     |   14.117|
B<3>           |RESULT<18>     |   14.198|
B<3>           |RESULT<19>     |   14.011|
B<3>           |RESULT<20>     |   14.329|
B<3>           |RESULT<21>     |   14.530|
B<3>           |RESULT<22>     |   14.336|
B<3>           |RESULT<23>     |   14.242|
B<3>           |RESULT<24>     |   14.411|
B<3>           |RESULT<25>     |   14.275|
B<3>           |RESULT<26>     |   14.343|
B<3>           |RESULT<27>     |   14.719|
B<3>           |RESULT<28>     |   14.721|
B<3>           |RESULT<29>     |   14.876|
B<3>           |RESULT<30>     |   14.844|
B<3>           |RESULT<31>     |   15.225|
B<3>           |ZEROFLAG       |   17.807|
B<4>           |RESULT<0>      |   15.649|
B<4>           |RESULT<1>      |   15.583|
B<4>           |RESULT<2>      |   15.676|
B<4>           |RESULT<3>      |   16.095|
B<4>           |RESULT<4>      |   15.801|
B<4>           |RESULT<5>      |   15.731|
B<4>           |RESULT<6>      |   16.137|
B<4>           |RESULT<7>      |   16.178|
B<4>           |RESULT<8>      |   15.710|
B<4>           |RESULT<9>      |   15.189|
B<4>           |RESULT<10>     |   15.238|
B<4>           |RESULT<11>     |   15.137|
B<4>           |RESULT<12>     |   14.895|
B<4>           |RESULT<13>     |   14.829|
B<4>           |RESULT<14>     |   14.795|
B<4>           |RESULT<15>     |   15.122|
B<4>           |RESULT<16>     |   14.804|
B<4>           |RESULT<17>     |   14.741|
B<4>           |RESULT<18>     |   14.822|
B<4>           |RESULT<19>     |   14.635|
B<4>           |RESULT<20>     |   14.953|
B<4>           |RESULT<21>     |   15.154|
B<4>           |RESULT<22>     |   14.960|
B<4>           |RESULT<23>     |   14.866|
B<4>           |RESULT<24>     |   15.035|
B<4>           |RESULT<25>     |   14.899|
B<4>           |RESULT<26>     |   14.967|
B<4>           |RESULT<27>     |   15.343|
B<4>           |RESULT<28>     |   15.345|
B<4>           |RESULT<29>     |   15.500|
B<4>           |RESULT<30>     |   15.468|
B<4>           |RESULT<31>     |   15.849|
B<4>           |ZEROFLAG       |   18.431|
B<5>           |RESULT<0>      |   15.679|
B<5>           |RESULT<1>      |   15.613|
B<5>           |RESULT<2>      |   15.706|
B<5>           |RESULT<3>      |   16.125|
B<5>           |RESULT<4>      |   15.831|
B<5>           |RESULT<5>      |   15.761|
B<5>           |RESULT<6>      |   16.167|
B<5>           |RESULT<7>      |   16.208|
B<5>           |RESULT<8>      |   15.740|
B<5>           |RESULT<9>      |   15.219|
B<5>           |RESULT<10>     |   15.268|
B<5>           |RESULT<11>     |   15.167|
B<5>           |RESULT<12>     |   14.925|
B<5>           |RESULT<13>     |   14.859|
B<5>           |RESULT<14>     |   14.825|
B<5>           |RESULT<15>     |   15.152|
B<5>           |RESULT<16>     |   14.834|
B<5>           |RESULT<17>     |   14.771|
B<5>           |RESULT<18>     |   14.852|
B<5>           |RESULT<19>     |   14.665|
B<5>           |RESULT<20>     |   14.983|
B<5>           |RESULT<21>     |   15.184|
B<5>           |RESULT<22>     |   14.990|
B<5>           |RESULT<23>     |   14.896|
B<5>           |RESULT<24>     |   15.065|
B<5>           |RESULT<25>     |   14.929|
B<5>           |RESULT<26>     |   14.997|
B<5>           |RESULT<27>     |   15.373|
B<5>           |RESULT<28>     |   15.375|
B<5>           |RESULT<29>     |   15.530|
B<5>           |RESULT<30>     |   15.498|
B<5>           |RESULT<31>     |   15.879|
B<5>           |ZEROFLAG       |   18.461|
B<6>           |RESULT<0>      |   15.054|
B<6>           |RESULT<1>      |   14.988|
B<6>           |RESULT<2>      |   15.081|
B<6>           |RESULT<3>      |   15.500|
B<6>           |RESULT<4>      |   15.206|
B<6>           |RESULT<5>      |   15.136|
B<6>           |RESULT<6>      |   15.542|
B<6>           |RESULT<7>      |   15.583|
B<6>           |RESULT<8>      |   15.115|
B<6>           |RESULT<9>      |   14.594|
B<6>           |RESULT<10>     |   14.643|
B<6>           |RESULT<11>     |   14.542|
B<6>           |RESULT<12>     |   14.300|
B<6>           |RESULT<13>     |   14.234|
B<6>           |RESULT<14>     |   14.200|
B<6>           |RESULT<15>     |   14.527|
B<6>           |RESULT<16>     |   14.209|
B<6>           |RESULT<17>     |   14.146|
B<6>           |RESULT<18>     |   14.227|
B<6>           |RESULT<19>     |   14.040|
B<6>           |RESULT<20>     |   14.358|
B<6>           |RESULT<21>     |   14.559|
B<6>           |RESULT<22>     |   14.365|
B<6>           |RESULT<23>     |   14.271|
B<6>           |RESULT<24>     |   14.440|
B<6>           |RESULT<25>     |   14.304|
B<6>           |RESULT<26>     |   14.372|
B<6>           |RESULT<27>     |   14.748|
B<6>           |RESULT<28>     |   14.750|
B<6>           |RESULT<29>     |   14.905|
B<6>           |RESULT<30>     |   14.873|
B<6>           |RESULT<31>     |   15.254|
B<6>           |ZEROFLAG       |   17.836|
B<7>           |RESULT<0>      |   15.074|
B<7>           |RESULT<1>      |   15.008|
B<7>           |RESULT<2>      |   15.101|
B<7>           |RESULT<3>      |   15.520|
B<7>           |RESULT<4>      |   15.226|
B<7>           |RESULT<5>      |   15.156|
B<7>           |RESULT<6>      |   15.562|
B<7>           |RESULT<7>      |   15.603|
B<7>           |RESULT<8>      |   15.135|
B<7>           |RESULT<9>      |   14.614|
B<7>           |RESULT<10>     |   14.663|
B<7>           |RESULT<11>     |   14.562|
B<7>           |RESULT<12>     |   14.320|
B<7>           |RESULT<13>     |   14.254|
B<7>           |RESULT<14>     |   14.220|
B<7>           |RESULT<15>     |   14.547|
B<7>           |RESULT<16>     |   14.229|
B<7>           |RESULT<17>     |   14.166|
B<7>           |RESULT<18>     |   14.247|
B<7>           |RESULT<19>     |   14.060|
B<7>           |RESULT<20>     |   14.378|
B<7>           |RESULT<21>     |   14.579|
B<7>           |RESULT<22>     |   14.385|
B<7>           |RESULT<23>     |   14.291|
B<7>           |RESULT<24>     |   14.460|
B<7>           |RESULT<25>     |   14.324|
B<7>           |RESULT<26>     |   14.392|
B<7>           |RESULT<27>     |   14.768|
B<7>           |RESULT<28>     |   14.770|
B<7>           |RESULT<29>     |   14.925|
B<7>           |RESULT<30>     |   14.893|
B<7>           |RESULT<31>     |   15.274|
B<7>           |ZEROFLAG       |   17.856|
B<8>           |RESULT<0>      |   15.484|
B<8>           |RESULT<1>      |   15.418|
B<8>           |RESULT<2>      |   15.511|
B<8>           |RESULT<3>      |   15.930|
B<8>           |RESULT<4>      |   15.636|
B<8>           |RESULT<5>      |   15.566|
B<8>           |RESULT<6>      |   15.972|
B<8>           |RESULT<7>      |   16.013|
B<8>           |RESULT<8>      |   15.545|
B<8>           |RESULT<9>      |   15.024|
B<8>           |RESULT<10>     |   15.073|
B<8>           |RESULT<11>     |   14.972|
B<8>           |RESULT<12>     |   14.730|
B<8>           |RESULT<13>     |   14.664|
B<8>           |RESULT<14>     |   14.630|
B<8>           |RESULT<15>     |   14.957|
B<8>           |RESULT<16>     |   14.639|
B<8>           |RESULT<17>     |   14.576|
B<8>           |RESULT<18>     |   14.657|
B<8>           |RESULT<19>     |   14.470|
B<8>           |RESULT<20>     |   14.788|
B<8>           |RESULT<21>     |   14.989|
B<8>           |RESULT<22>     |   14.795|
B<8>           |RESULT<23>     |   14.701|
B<8>           |RESULT<24>     |   14.870|
B<8>           |RESULT<25>     |   14.734|
B<8>           |RESULT<26>     |   14.802|
B<8>           |RESULT<27>     |   15.178|
B<8>           |RESULT<28>     |   15.180|
B<8>           |RESULT<29>     |   15.335|
B<8>           |RESULT<30>     |   15.303|
B<8>           |RESULT<31>     |   15.684|
B<8>           |ZEROFLAG       |   18.266|
B<9>           |RESULT<0>      |   15.428|
B<9>           |RESULT<1>      |   15.362|
B<9>           |RESULT<2>      |   15.455|
B<9>           |RESULT<3>      |   15.874|
B<9>           |RESULT<4>      |   15.580|
B<9>           |RESULT<5>      |   15.510|
B<9>           |RESULT<6>      |   15.916|
B<9>           |RESULT<7>      |   15.957|
B<9>           |RESULT<8>      |   15.489|
B<9>           |RESULT<9>      |   14.968|
B<9>           |RESULT<10>     |   15.017|
B<9>           |RESULT<11>     |   14.916|
B<9>           |RESULT<12>     |   14.674|
B<9>           |RESULT<13>     |   14.608|
B<9>           |RESULT<14>     |   14.574|
B<9>           |RESULT<15>     |   14.901|
B<9>           |RESULT<16>     |   14.583|
B<9>           |RESULT<17>     |   14.520|
B<9>           |RESULT<18>     |   14.601|
B<9>           |RESULT<19>     |   14.414|
B<9>           |RESULT<20>     |   14.732|
B<9>           |RESULT<21>     |   14.933|
B<9>           |RESULT<22>     |   14.739|
B<9>           |RESULT<23>     |   14.645|
B<9>           |RESULT<24>     |   14.814|
B<9>           |RESULT<25>     |   14.678|
B<9>           |RESULT<26>     |   14.746|
B<9>           |RESULT<27>     |   15.122|
B<9>           |RESULT<28>     |   15.124|
B<9>           |RESULT<29>     |   15.279|
B<9>           |RESULT<30>     |   15.247|
B<9>           |RESULT<31>     |   15.628|
B<9>           |ZEROFLAG       |   18.210|
B<10>          |RESULT<0>      |   15.115|
B<10>          |RESULT<1>      |   15.049|
B<10>          |RESULT<2>      |   15.142|
B<10>          |RESULT<3>      |   15.561|
B<10>          |RESULT<4>      |   15.267|
B<10>          |RESULT<5>      |   15.197|
B<10>          |RESULT<6>      |   15.603|
B<10>          |RESULT<7>      |   15.644|
B<10>          |RESULT<8>      |   15.176|
B<10>          |RESULT<9>      |   14.655|
B<10>          |RESULT<10>     |   14.704|
B<10>          |RESULT<11>     |   14.603|
B<10>          |RESULT<12>     |   14.361|
B<10>          |RESULT<13>     |   14.295|
B<10>          |RESULT<14>     |   14.261|
B<10>          |RESULT<15>     |   14.588|
B<10>          |RESULT<16>     |   14.270|
B<10>          |RESULT<17>     |   14.207|
B<10>          |RESULT<18>     |   14.288|
B<10>          |RESULT<19>     |   14.101|
B<10>          |RESULT<20>     |   14.419|
B<10>          |RESULT<21>     |   14.620|
B<10>          |RESULT<22>     |   14.426|
B<10>          |RESULT<23>     |   14.332|
B<10>          |RESULT<24>     |   14.501|
B<10>          |RESULT<25>     |   14.365|
B<10>          |RESULT<26>     |   14.433|
B<10>          |RESULT<27>     |   14.809|
B<10>          |RESULT<28>     |   14.811|
B<10>          |RESULT<29>     |   14.966|
B<10>          |RESULT<30>     |   14.934|
B<10>          |RESULT<31>     |   15.315|
B<10>          |ZEROFLAG       |   17.897|
B<11>          |RESULT<0>      |   15.784|
B<11>          |RESULT<1>      |   15.718|
B<11>          |RESULT<2>      |   15.811|
B<11>          |RESULT<3>      |   16.230|
B<11>          |RESULT<4>      |   15.936|
B<11>          |RESULT<5>      |   15.866|
B<11>          |RESULT<6>      |   16.272|
B<11>          |RESULT<7>      |   16.313|
B<11>          |RESULT<8>      |   15.845|
B<11>          |RESULT<9>      |   15.324|
B<11>          |RESULT<10>     |   15.373|
B<11>          |RESULT<11>     |   15.272|
B<11>          |RESULT<12>     |   15.030|
B<11>          |RESULT<13>     |   14.964|
B<11>          |RESULT<14>     |   14.930|
B<11>          |RESULT<15>     |   15.257|
B<11>          |RESULT<16>     |   14.939|
B<11>          |RESULT<17>     |   14.876|
B<11>          |RESULT<18>     |   14.957|
B<11>          |RESULT<19>     |   14.770|
B<11>          |RESULT<20>     |   15.088|
B<11>          |RESULT<21>     |   15.289|
B<11>          |RESULT<22>     |   15.095|
B<11>          |RESULT<23>     |   15.001|
B<11>          |RESULT<24>     |   15.170|
B<11>          |RESULT<25>     |   15.034|
B<11>          |RESULT<26>     |   15.102|
B<11>          |RESULT<27>     |   15.478|
B<11>          |RESULT<28>     |   15.480|
B<11>          |RESULT<29>     |   15.635|
B<11>          |RESULT<30>     |   15.603|
B<11>          |RESULT<31>     |   15.984|
B<11>          |ZEROFLAG       |   18.566|
B<12>          |RESULT<0>      |   15.867|
B<12>          |RESULT<1>      |   15.801|
B<12>          |RESULT<2>      |   15.894|
B<12>          |RESULT<3>      |   16.313|
B<12>          |RESULT<4>      |   16.019|
B<12>          |RESULT<5>      |   15.949|
B<12>          |RESULT<6>      |   16.355|
B<12>          |RESULT<7>      |   16.396|
B<12>          |RESULT<8>      |   15.928|
B<12>          |RESULT<9>      |   15.407|
B<12>          |RESULT<10>     |   15.456|
B<12>          |RESULT<11>     |   15.355|
B<12>          |RESULT<12>     |   15.113|
B<12>          |RESULT<13>     |   15.047|
B<12>          |RESULT<14>     |   15.013|
B<12>          |RESULT<15>     |   15.340|
B<12>          |RESULT<16>     |   15.022|
B<12>          |RESULT<17>     |   14.959|
B<12>          |RESULT<18>     |   15.040|
B<12>          |RESULT<19>     |   14.853|
B<12>          |RESULT<20>     |   15.171|
B<12>          |RESULT<21>     |   15.372|
B<12>          |RESULT<22>     |   15.178|
B<12>          |RESULT<23>     |   15.084|
B<12>          |RESULT<24>     |   15.253|
B<12>          |RESULT<25>     |   15.117|
B<12>          |RESULT<26>     |   15.185|
B<12>          |RESULT<27>     |   15.561|
B<12>          |RESULT<28>     |   15.563|
B<12>          |RESULT<29>     |   15.718|
B<12>          |RESULT<30>     |   15.686|
B<12>          |RESULT<31>     |   16.067|
B<12>          |ZEROFLAG       |   18.649|
B<13>          |RESULT<0>      |   15.237|
B<13>          |RESULT<1>      |   15.171|
B<13>          |RESULT<2>      |   15.264|
B<13>          |RESULT<3>      |   15.683|
B<13>          |RESULT<4>      |   15.389|
B<13>          |RESULT<5>      |   15.319|
B<13>          |RESULT<6>      |   15.725|
B<13>          |RESULT<7>      |   15.766|
B<13>          |RESULT<8>      |   15.298|
B<13>          |RESULT<9>      |   14.777|
B<13>          |RESULT<10>     |   14.826|
B<13>          |RESULT<11>     |   14.725|
B<13>          |RESULT<12>     |   14.483|
B<13>          |RESULT<13>     |   14.417|
B<13>          |RESULT<14>     |   14.383|
B<13>          |RESULT<15>     |   14.710|
B<13>          |RESULT<16>     |   14.392|
B<13>          |RESULT<17>     |   14.329|
B<13>          |RESULT<18>     |   14.410|
B<13>          |RESULT<19>     |   14.223|
B<13>          |RESULT<20>     |   14.541|
B<13>          |RESULT<21>     |   14.742|
B<13>          |RESULT<22>     |   14.548|
B<13>          |RESULT<23>     |   14.454|
B<13>          |RESULT<24>     |   14.623|
B<13>          |RESULT<25>     |   14.487|
B<13>          |RESULT<26>     |   14.555|
B<13>          |RESULT<27>     |   14.931|
B<13>          |RESULT<28>     |   14.933|
B<13>          |RESULT<29>     |   15.088|
B<13>          |RESULT<30>     |   15.056|
B<13>          |RESULT<31>     |   15.437|
B<13>          |ZEROFLAG       |   18.019|
B<14>          |RESULT<0>      |   15.499|
B<14>          |RESULT<1>      |   15.433|
B<14>          |RESULT<2>      |   15.526|
B<14>          |RESULT<3>      |   15.945|
B<14>          |RESULT<4>      |   15.651|
B<14>          |RESULT<5>      |   15.581|
B<14>          |RESULT<6>      |   15.987|
B<14>          |RESULT<7>      |   16.028|
B<14>          |RESULT<8>      |   15.560|
B<14>          |RESULT<9>      |   15.039|
B<14>          |RESULT<10>     |   15.088|
B<14>          |RESULT<11>     |   14.987|
B<14>          |RESULT<12>     |   14.745|
B<14>          |RESULT<13>     |   14.679|
B<14>          |RESULT<14>     |   14.645|
B<14>          |RESULT<15>     |   14.972|
B<14>          |RESULT<16>     |   14.654|
B<14>          |RESULT<17>     |   14.591|
B<14>          |RESULT<18>     |   14.672|
B<14>          |RESULT<19>     |   14.485|
B<14>          |RESULT<20>     |   14.803|
B<14>          |RESULT<21>     |   15.004|
B<14>          |RESULT<22>     |   14.810|
B<14>          |RESULT<23>     |   14.716|
B<14>          |RESULT<24>     |   14.885|
B<14>          |RESULT<25>     |   14.749|
B<14>          |RESULT<26>     |   14.817|
B<14>          |RESULT<27>     |   15.193|
B<14>          |RESULT<28>     |   15.195|
B<14>          |RESULT<29>     |   15.350|
B<14>          |RESULT<30>     |   15.318|
B<14>          |RESULT<31>     |   15.699|
B<14>          |ZEROFLAG       |   18.281|
B<15>          |RESULT<0>      |   15.143|
B<15>          |RESULT<1>      |   15.077|
B<15>          |RESULT<2>      |   15.170|
B<15>          |RESULT<3>      |   15.589|
B<15>          |RESULT<4>      |   15.295|
B<15>          |RESULT<5>      |   15.225|
B<15>          |RESULT<6>      |   15.631|
B<15>          |RESULT<7>      |   15.672|
B<15>          |RESULT<8>      |   15.204|
B<15>          |RESULT<9>      |   14.683|
B<15>          |RESULT<10>     |   14.732|
B<15>          |RESULT<11>     |   14.631|
B<15>          |RESULT<12>     |   14.389|
B<15>          |RESULT<13>     |   14.323|
B<15>          |RESULT<14>     |   14.289|
B<15>          |RESULT<15>     |   14.616|
B<15>          |RESULT<16>     |   14.298|
B<15>          |RESULT<17>     |   14.235|
B<15>          |RESULT<18>     |   14.316|
B<15>          |RESULT<19>     |   14.129|
B<15>          |RESULT<20>     |   14.447|
B<15>          |RESULT<21>     |   14.648|
B<15>          |RESULT<22>     |   14.454|
B<15>          |RESULT<23>     |   14.360|
B<15>          |RESULT<24>     |   14.529|
B<15>          |RESULT<25>     |   14.393|
B<15>          |RESULT<26>     |   14.461|
B<15>          |RESULT<27>     |   14.837|
B<15>          |RESULT<28>     |   14.839|
B<15>          |RESULT<29>     |   14.994|
B<15>          |RESULT<30>     |   14.962|
B<15>          |RESULT<31>     |   15.343|
B<15>          |ZEROFLAG       |   17.925|
B<16>          |RESULT<0>      |   15.176|
B<16>          |RESULT<1>      |   15.110|
B<16>          |RESULT<2>      |   15.203|
B<16>          |RESULT<3>      |   15.622|
B<16>          |RESULT<4>      |   15.328|
B<16>          |RESULT<5>      |   15.258|
B<16>          |RESULT<6>      |   15.664|
B<16>          |RESULT<7>      |   15.705|
B<16>          |RESULT<8>      |   15.237|
B<16>          |RESULT<9>      |   14.716|
B<16>          |RESULT<10>     |   14.765|
B<16>          |RESULT<11>     |   14.664|
B<16>          |RESULT<12>     |   14.422|
B<16>          |RESULT<13>     |   14.356|
B<16>          |RESULT<14>     |   14.322|
B<16>          |RESULT<15>     |   14.649|
B<16>          |RESULT<16>     |   14.331|
B<16>          |RESULT<17>     |   14.268|
B<16>          |RESULT<18>     |   14.349|
B<16>          |RESULT<19>     |   14.162|
B<16>          |RESULT<20>     |   14.480|
B<16>          |RESULT<21>     |   14.681|
B<16>          |RESULT<22>     |   14.487|
B<16>          |RESULT<23>     |   14.393|
B<16>          |RESULT<24>     |   14.562|
B<16>          |RESULT<25>     |   14.426|
B<16>          |RESULT<26>     |   14.494|
B<16>          |RESULT<27>     |   14.870|
B<16>          |RESULT<28>     |   14.872|
B<16>          |RESULT<29>     |   15.027|
B<16>          |RESULT<30>     |   14.995|
B<16>          |RESULT<31>     |   15.376|
B<16>          |ZEROFLAG       |   17.958|
B<17>          |RESULT<0>      |   15.622|
B<17>          |RESULT<1>      |   15.556|
B<17>          |RESULT<2>      |   15.649|
B<17>          |RESULT<3>      |   16.068|
B<17>          |RESULT<4>      |   15.774|
B<17>          |RESULT<5>      |   15.704|
B<17>          |RESULT<6>      |   16.110|
B<17>          |RESULT<7>      |   16.151|
B<17>          |RESULT<8>      |   15.683|
B<17>          |RESULT<9>      |   15.162|
B<17>          |RESULT<10>     |   15.211|
B<17>          |RESULT<11>     |   15.110|
B<17>          |RESULT<12>     |   14.868|
B<17>          |RESULT<13>     |   14.802|
B<17>          |RESULT<14>     |   14.768|
B<17>          |RESULT<15>     |   15.095|
B<17>          |RESULT<16>     |   14.777|
B<17>          |RESULT<17>     |   14.714|
B<17>          |RESULT<18>     |   14.795|
B<17>          |RESULT<19>     |   14.608|
B<17>          |RESULT<20>     |   14.926|
B<17>          |RESULT<21>     |   15.127|
B<17>          |RESULT<22>     |   14.933|
B<17>          |RESULT<23>     |   14.839|
B<17>          |RESULT<24>     |   15.008|
B<17>          |RESULT<25>     |   14.872|
B<17>          |RESULT<26>     |   14.940|
B<17>          |RESULT<27>     |   15.316|
B<17>          |RESULT<28>     |   15.318|
B<17>          |RESULT<29>     |   15.473|
B<17>          |RESULT<30>     |   15.441|
B<17>          |RESULT<31>     |   15.822|
B<17>          |ZEROFLAG       |   18.404|
B<18>          |RESULT<0>      |   15.854|
B<18>          |RESULT<1>      |   15.788|
B<18>          |RESULT<2>      |   15.881|
B<18>          |RESULT<3>      |   16.300|
B<18>          |RESULT<4>      |   16.006|
B<18>          |RESULT<5>      |   15.936|
B<18>          |RESULT<6>      |   16.342|
B<18>          |RESULT<7>      |   16.383|
B<18>          |RESULT<8>      |   15.915|
B<18>          |RESULT<9>      |   15.394|
B<18>          |RESULT<10>     |   15.443|
B<18>          |RESULT<11>     |   15.342|
B<18>          |RESULT<12>     |   15.100|
B<18>          |RESULT<13>     |   15.034|
B<18>          |RESULT<14>     |   15.000|
B<18>          |RESULT<15>     |   15.327|
B<18>          |RESULT<16>     |   15.009|
B<18>          |RESULT<17>     |   14.946|
B<18>          |RESULT<18>     |   15.027|
B<18>          |RESULT<19>     |   14.840|
B<18>          |RESULT<20>     |   15.158|
B<18>          |RESULT<21>     |   15.359|
B<18>          |RESULT<22>     |   15.165|
B<18>          |RESULT<23>     |   15.071|
B<18>          |RESULT<24>     |   15.240|
B<18>          |RESULT<25>     |   15.104|
B<18>          |RESULT<26>     |   15.172|
B<18>          |RESULT<27>     |   15.548|
B<18>          |RESULT<28>     |   15.550|
B<18>          |RESULT<29>     |   15.705|
B<18>          |RESULT<30>     |   15.673|
B<18>          |RESULT<31>     |   16.054|
B<18>          |ZEROFLAG       |   18.636|
B<19>          |RESULT<0>      |   15.174|
B<19>          |RESULT<1>      |   15.108|
B<19>          |RESULT<2>      |   15.201|
B<19>          |RESULT<3>      |   15.620|
B<19>          |RESULT<4>      |   15.326|
B<19>          |RESULT<5>      |   15.256|
B<19>          |RESULT<6>      |   15.662|
B<19>          |RESULT<7>      |   15.703|
B<19>          |RESULT<8>      |   15.235|
B<19>          |RESULT<9>      |   14.714|
B<19>          |RESULT<10>     |   14.763|
B<19>          |RESULT<11>     |   14.662|
B<19>          |RESULT<12>     |   14.420|
B<19>          |RESULT<13>     |   14.354|
B<19>          |RESULT<14>     |   14.320|
B<19>          |RESULT<15>     |   14.647|
B<19>          |RESULT<16>     |   14.329|
B<19>          |RESULT<17>     |   14.266|
B<19>          |RESULT<18>     |   14.347|
B<19>          |RESULT<19>     |   14.160|
B<19>          |RESULT<20>     |   14.478|
B<19>          |RESULT<21>     |   14.679|
B<19>          |RESULT<22>     |   14.485|
B<19>          |RESULT<23>     |   14.391|
B<19>          |RESULT<24>     |   14.560|
B<19>          |RESULT<25>     |   14.424|
B<19>          |RESULT<26>     |   14.492|
B<19>          |RESULT<27>     |   14.868|
B<19>          |RESULT<28>     |   14.870|
B<19>          |RESULT<29>     |   15.025|
B<19>          |RESULT<30>     |   14.993|
B<19>          |RESULT<31>     |   15.374|
B<19>          |ZEROFLAG       |   17.956|
B<20>          |RESULT<0>      |   15.654|
B<20>          |RESULT<1>      |   15.588|
B<20>          |RESULT<2>      |   15.681|
B<20>          |RESULT<3>      |   16.100|
B<20>          |RESULT<4>      |   15.806|
B<20>          |RESULT<5>      |   15.736|
B<20>          |RESULT<6>      |   16.142|
B<20>          |RESULT<7>      |   16.183|
B<20>          |RESULT<8>      |   15.715|
B<20>          |RESULT<9>      |   15.194|
B<20>          |RESULT<10>     |   15.243|
B<20>          |RESULT<11>     |   15.142|
B<20>          |RESULT<12>     |   14.900|
B<20>          |RESULT<13>     |   14.834|
B<20>          |RESULT<14>     |   14.800|
B<20>          |RESULT<15>     |   15.127|
B<20>          |RESULT<16>     |   14.809|
B<20>          |RESULT<17>     |   14.746|
B<20>          |RESULT<18>     |   14.827|
B<20>          |RESULT<19>     |   14.640|
B<20>          |RESULT<20>     |   14.958|
B<20>          |RESULT<21>     |   15.159|
B<20>          |RESULT<22>     |   14.965|
B<20>          |RESULT<23>     |   14.871|
B<20>          |RESULT<24>     |   15.040|
B<20>          |RESULT<25>     |   14.904|
B<20>          |RESULT<26>     |   14.972|
B<20>          |RESULT<27>     |   15.348|
B<20>          |RESULT<28>     |   15.350|
B<20>          |RESULT<29>     |   15.505|
B<20>          |RESULT<30>     |   15.473|
B<20>          |RESULT<31>     |   15.854|
B<20>          |ZEROFLAG       |   18.436|
B<21>          |RESULT<0>      |   15.514|
B<21>          |RESULT<1>      |   15.448|
B<21>          |RESULT<2>      |   15.541|
B<21>          |RESULT<3>      |   15.960|
B<21>          |RESULT<4>      |   15.666|
B<21>          |RESULT<5>      |   15.596|
B<21>          |RESULT<6>      |   16.002|
B<21>          |RESULT<7>      |   16.043|
B<21>          |RESULT<8>      |   15.575|
B<21>          |RESULT<9>      |   15.054|
B<21>          |RESULT<10>     |   15.103|
B<21>          |RESULT<11>     |   15.002|
B<21>          |RESULT<12>     |   14.760|
B<21>          |RESULT<13>     |   14.694|
B<21>          |RESULT<14>     |   14.660|
B<21>          |RESULT<15>     |   14.987|
B<21>          |RESULT<16>     |   14.669|
B<21>          |RESULT<17>     |   14.606|
B<21>          |RESULT<18>     |   14.687|
B<21>          |RESULT<19>     |   14.500|
B<21>          |RESULT<20>     |   14.818|
B<21>          |RESULT<21>     |   15.019|
B<21>          |RESULT<22>     |   14.825|
B<21>          |RESULT<23>     |   14.731|
B<21>          |RESULT<24>     |   14.900|
B<21>          |RESULT<25>     |   14.764|
B<21>          |RESULT<26>     |   14.832|
B<21>          |RESULT<27>     |   15.208|
B<21>          |RESULT<28>     |   15.210|
B<21>          |RESULT<29>     |   15.365|
B<21>          |RESULT<30>     |   15.333|
B<21>          |RESULT<31>     |   15.714|
B<21>          |ZEROFLAG       |   18.296|
B<22>          |RESULT<0>      |   15.245|
B<22>          |RESULT<1>      |   15.179|
B<22>          |RESULT<2>      |   15.272|
B<22>          |RESULT<3>      |   15.691|
B<22>          |RESULT<4>      |   15.397|
B<22>          |RESULT<5>      |   15.327|
B<22>          |RESULT<6>      |   15.733|
B<22>          |RESULT<7>      |   15.774|
B<22>          |RESULT<8>      |   15.306|
B<22>          |RESULT<9>      |   14.785|
B<22>          |RESULT<10>     |   14.834|
B<22>          |RESULT<11>     |   14.733|
B<22>          |RESULT<12>     |   14.491|
B<22>          |RESULT<13>     |   14.425|
B<22>          |RESULT<14>     |   14.391|
B<22>          |RESULT<15>     |   14.718|
B<22>          |RESULT<16>     |   14.400|
B<22>          |RESULT<17>     |   14.337|
B<22>          |RESULT<18>     |   14.418|
B<22>          |RESULT<19>     |   14.231|
B<22>          |RESULT<20>     |   14.549|
B<22>          |RESULT<21>     |   14.750|
B<22>          |RESULT<22>     |   14.556|
B<22>          |RESULT<23>     |   14.462|
B<22>          |RESULT<24>     |   14.631|
B<22>          |RESULT<25>     |   14.495|
B<22>          |RESULT<26>     |   14.563|
B<22>          |RESULT<27>     |   14.939|
B<22>          |RESULT<28>     |   14.941|
B<22>          |RESULT<29>     |   15.096|
B<22>          |RESULT<30>     |   15.064|
B<22>          |RESULT<31>     |   15.445|
B<22>          |ZEROFLAG       |   18.027|
B<23>          |RESULT<0>      |   15.139|
B<23>          |RESULT<1>      |   15.073|
B<23>          |RESULT<2>      |   15.166|
B<23>          |RESULT<3>      |   15.585|
B<23>          |RESULT<4>      |   15.291|
B<23>          |RESULT<5>      |   15.221|
B<23>          |RESULT<6>      |   15.627|
B<23>          |RESULT<7>      |   15.668|
B<23>          |RESULT<8>      |   15.200|
B<23>          |RESULT<9>      |   14.679|
B<23>          |RESULT<10>     |   14.728|
B<23>          |RESULT<11>     |   14.627|
B<23>          |RESULT<12>     |   14.385|
B<23>          |RESULT<13>     |   14.319|
B<23>          |RESULT<14>     |   14.285|
B<23>          |RESULT<15>     |   14.612|
B<23>          |RESULT<16>     |   14.294|
B<23>          |RESULT<17>     |   14.231|
B<23>          |RESULT<18>     |   14.312|
B<23>          |RESULT<19>     |   14.125|
B<23>          |RESULT<20>     |   14.443|
B<23>          |RESULT<21>     |   14.644|
B<23>          |RESULT<22>     |   14.450|
B<23>          |RESULT<23>     |   14.356|
B<23>          |RESULT<24>     |   14.525|
B<23>          |RESULT<25>     |   14.389|
B<23>          |RESULT<26>     |   14.457|
B<23>          |RESULT<27>     |   14.833|
B<23>          |RESULT<28>     |   14.835|
B<23>          |RESULT<29>     |   14.990|
B<23>          |RESULT<30>     |   14.958|
B<23>          |RESULT<31>     |   15.339|
B<23>          |ZEROFLAG       |   17.921|
B<24>          |RESULT<0>      |   15.592|
B<24>          |RESULT<1>      |   15.526|
B<24>          |RESULT<2>      |   15.619|
B<24>          |RESULT<3>      |   16.038|
B<24>          |RESULT<4>      |   15.744|
B<24>          |RESULT<5>      |   15.674|
B<24>          |RESULT<6>      |   16.080|
B<24>          |RESULT<7>      |   16.121|
B<24>          |RESULT<8>      |   15.653|
B<24>          |RESULT<9>      |   15.132|
B<24>          |RESULT<10>     |   15.181|
B<24>          |RESULT<11>     |   15.080|
B<24>          |RESULT<12>     |   14.838|
B<24>          |RESULT<13>     |   14.772|
B<24>          |RESULT<14>     |   14.738|
B<24>          |RESULT<15>     |   15.065|
B<24>          |RESULT<16>     |   14.747|
B<24>          |RESULT<17>     |   14.684|
B<24>          |RESULT<18>     |   14.765|
B<24>          |RESULT<19>     |   14.578|
B<24>          |RESULT<20>     |   14.896|
B<24>          |RESULT<21>     |   15.097|
B<24>          |RESULT<22>     |   14.903|
B<24>          |RESULT<23>     |   14.809|
B<24>          |RESULT<24>     |   14.978|
B<24>          |RESULT<25>     |   14.842|
B<24>          |RESULT<26>     |   14.910|
B<24>          |RESULT<27>     |   15.286|
B<24>          |RESULT<28>     |   15.288|
B<24>          |RESULT<29>     |   15.443|
B<24>          |RESULT<30>     |   15.411|
B<24>          |RESULT<31>     |   15.792|
B<24>          |ZEROFLAG       |   18.374|
B<25>          |RESULT<0>      |   15.266|
B<25>          |RESULT<1>      |   15.200|
B<25>          |RESULT<2>      |   15.293|
B<25>          |RESULT<3>      |   15.712|
B<25>          |RESULT<4>      |   15.418|
B<25>          |RESULT<5>      |   15.348|
B<25>          |RESULT<6>      |   15.754|
B<25>          |RESULT<7>      |   15.795|
B<25>          |RESULT<8>      |   15.327|
B<25>          |RESULT<9>      |   14.806|
B<25>          |RESULT<10>     |   14.855|
B<25>          |RESULT<11>     |   14.754|
B<25>          |RESULT<12>     |   14.512|
B<25>          |RESULT<13>     |   14.446|
B<25>          |RESULT<14>     |   14.412|
B<25>          |RESULT<15>     |   14.739|
B<25>          |RESULT<16>     |   14.421|
B<25>          |RESULT<17>     |   14.358|
B<25>          |RESULT<18>     |   14.439|
B<25>          |RESULT<19>     |   14.252|
B<25>          |RESULT<20>     |   14.570|
B<25>          |RESULT<21>     |   14.771|
B<25>          |RESULT<22>     |   14.577|
B<25>          |RESULT<23>     |   14.483|
B<25>          |RESULT<24>     |   14.652|
B<25>          |RESULT<25>     |   14.516|
B<25>          |RESULT<26>     |   14.584|
B<25>          |RESULT<27>     |   14.960|
B<25>          |RESULT<28>     |   14.962|
B<25>          |RESULT<29>     |   15.117|
B<25>          |RESULT<30>     |   15.085|
B<25>          |RESULT<31>     |   15.466|
B<25>          |ZEROFLAG       |   18.048|
B<26>          |RESULT<0>      |   14.884|
B<26>          |RESULT<1>      |   14.818|
B<26>          |RESULT<2>      |   14.911|
B<26>          |RESULT<3>      |   15.330|
B<26>          |RESULT<4>      |   15.036|
B<26>          |RESULT<5>      |   14.966|
B<26>          |RESULT<6>      |   15.372|
B<26>          |RESULT<7>      |   15.413|
B<26>          |RESULT<8>      |   14.945|
B<26>          |RESULT<9>      |   14.424|
B<26>          |RESULT<10>     |   14.473|
B<26>          |RESULT<11>     |   14.372|
B<26>          |RESULT<12>     |   14.130|
B<26>          |RESULT<13>     |   14.064|
B<26>          |RESULT<14>     |   14.030|
B<26>          |RESULT<15>     |   14.357|
B<26>          |RESULT<16>     |   14.039|
B<26>          |RESULT<17>     |   13.976|
B<26>          |RESULT<18>     |   14.057|
B<26>          |RESULT<19>     |   13.870|
B<26>          |RESULT<20>     |   14.188|
B<26>          |RESULT<21>     |   14.389|
B<26>          |RESULT<22>     |   14.195|
B<26>          |RESULT<23>     |   14.101|
B<26>          |RESULT<24>     |   14.270|
B<26>          |RESULT<25>     |   14.134|
B<26>          |RESULT<26>     |   14.202|
B<26>          |RESULT<27>     |   14.578|
B<26>          |RESULT<28>     |   14.580|
B<26>          |RESULT<29>     |   14.735|
B<26>          |RESULT<30>     |   14.703|
B<26>          |RESULT<31>     |   15.084|
B<26>          |ZEROFLAG       |   17.666|
B<27>          |RESULT<0>      |   15.758|
B<27>          |RESULT<1>      |   15.692|
B<27>          |RESULT<2>      |   15.785|
B<27>          |RESULT<3>      |   16.204|
B<27>          |RESULT<4>      |   15.910|
B<27>          |RESULT<5>      |   15.840|
B<27>          |RESULT<6>      |   16.246|
B<27>          |RESULT<7>      |   16.287|
B<27>          |RESULT<8>      |   15.819|
B<27>          |RESULT<9>      |   15.298|
B<27>          |RESULT<10>     |   15.347|
B<27>          |RESULT<11>     |   15.246|
B<27>          |RESULT<12>     |   15.004|
B<27>          |RESULT<13>     |   14.938|
B<27>          |RESULT<14>     |   14.904|
B<27>          |RESULT<15>     |   15.231|
B<27>          |RESULT<16>     |   14.913|
B<27>          |RESULT<17>     |   14.850|
B<27>          |RESULT<18>     |   14.931|
B<27>          |RESULT<19>     |   14.744|
B<27>          |RESULT<20>     |   15.062|
B<27>          |RESULT<21>     |   15.263|
B<27>          |RESULT<22>     |   15.069|
B<27>          |RESULT<23>     |   14.975|
B<27>          |RESULT<24>     |   15.144|
B<27>          |RESULT<25>     |   15.008|
B<27>          |RESULT<26>     |   15.076|
B<27>          |RESULT<27>     |   15.452|
B<27>          |RESULT<28>     |   15.454|
B<27>          |RESULT<29>     |   15.609|
B<27>          |RESULT<30>     |   15.577|
B<27>          |RESULT<31>     |   15.958|
B<27>          |ZEROFLAG       |   18.540|
B<28>          |RESULT<0>      |   14.938|
B<28>          |RESULT<1>      |   14.872|
B<28>          |RESULT<2>      |   14.965|
B<28>          |RESULT<3>      |   15.384|
B<28>          |RESULT<4>      |   15.090|
B<28>          |RESULT<5>      |   15.020|
B<28>          |RESULT<6>      |   15.426|
B<28>          |RESULT<7>      |   15.467|
B<28>          |RESULT<8>      |   14.999|
B<28>          |RESULT<9>      |   14.478|
B<28>          |RESULT<10>     |   14.527|
B<28>          |RESULT<11>     |   14.426|
B<28>          |RESULT<12>     |   14.184|
B<28>          |RESULT<13>     |   14.118|
B<28>          |RESULT<14>     |   14.084|
B<28>          |RESULT<15>     |   14.411|
B<28>          |RESULT<16>     |   14.093|
B<28>          |RESULT<17>     |   14.030|
B<28>          |RESULT<18>     |   14.111|
B<28>          |RESULT<19>     |   13.924|
B<28>          |RESULT<20>     |   14.242|
B<28>          |RESULT<21>     |   14.443|
B<28>          |RESULT<22>     |   14.249|
B<28>          |RESULT<23>     |   14.155|
B<28>          |RESULT<24>     |   14.324|
B<28>          |RESULT<25>     |   14.188|
B<28>          |RESULT<26>     |   14.256|
B<28>          |RESULT<27>     |   14.632|
B<28>          |RESULT<28>     |   14.634|
B<28>          |RESULT<29>     |   14.789|
B<28>          |RESULT<30>     |   14.757|
B<28>          |RESULT<31>     |   15.138|
B<28>          |ZEROFLAG       |   17.720|
B<29>          |RESULT<0>      |   14.763|
B<29>          |RESULT<1>      |   14.697|
B<29>          |RESULT<2>      |   14.790|
B<29>          |RESULT<3>      |   15.209|
B<29>          |RESULT<4>      |   14.915|
B<29>          |RESULT<5>      |   14.845|
B<29>          |RESULT<6>      |   15.251|
B<29>          |RESULT<7>      |   15.292|
B<29>          |RESULT<8>      |   14.824|
B<29>          |RESULT<9>      |   14.303|
B<29>          |RESULT<10>     |   14.352|
B<29>          |RESULT<11>     |   14.251|
B<29>          |RESULT<12>     |   14.009|
B<29>          |RESULT<13>     |   13.943|
B<29>          |RESULT<14>     |   13.909|
B<29>          |RESULT<15>     |   14.236|
B<29>          |RESULT<16>     |   13.918|
B<29>          |RESULT<17>     |   13.855|
B<29>          |RESULT<18>     |   13.936|
B<29>          |RESULT<19>     |   13.749|
B<29>          |RESULT<20>     |   14.067|
B<29>          |RESULT<21>     |   14.268|
B<29>          |RESULT<22>     |   14.074|
B<29>          |RESULT<23>     |   13.980|
B<29>          |RESULT<24>     |   14.149|
B<29>          |RESULT<25>     |   14.013|
B<29>          |RESULT<26>     |   14.081|
B<29>          |RESULT<27>     |   14.457|
B<29>          |RESULT<28>     |   14.459|
B<29>          |RESULT<29>     |   14.614|
B<29>          |RESULT<30>     |   14.582|
B<29>          |RESULT<31>     |   14.963|
B<29>          |ZEROFLAG       |   17.545|
B<30>          |RESULT<0>      |   14.018|
B<30>          |RESULT<1>      |   13.952|
B<30>          |RESULT<2>      |   14.045|
B<30>          |RESULT<3>      |   14.464|
B<30>          |RESULT<4>      |   14.170|
B<30>          |RESULT<5>      |   14.100|
B<30>          |RESULT<6>      |   14.506|
B<30>          |RESULT<7>      |   14.547|
B<30>          |RESULT<8>      |   14.079|
B<30>          |RESULT<9>      |   13.558|
B<30>          |RESULT<10>     |   13.607|
B<30>          |RESULT<11>     |   13.506|
B<30>          |RESULT<12>     |   13.264|
B<30>          |RESULT<13>     |   13.198|
B<30>          |RESULT<14>     |   13.164|
B<30>          |RESULT<15>     |   13.491|
B<30>          |RESULT<16>     |   13.173|
B<30>          |RESULT<17>     |   13.110|
B<30>          |RESULT<18>     |   13.191|
B<30>          |RESULT<19>     |   13.004|
B<30>          |RESULT<20>     |   13.322|
B<30>          |RESULT<21>     |   13.523|
B<30>          |RESULT<22>     |   13.329|
B<30>          |RESULT<23>     |   13.235|
B<30>          |RESULT<24>     |   13.404|
B<30>          |RESULT<25>     |   13.268|
B<30>          |RESULT<26>     |   13.336|
B<30>          |RESULT<27>     |   13.712|
B<30>          |RESULT<28>     |   13.714|
B<30>          |RESULT<29>     |   13.869|
B<30>          |RESULT<30>     |   13.837|
B<30>          |RESULT<31>     |   14.218|
B<30>          |ZEROFLAG       |   16.800|
B<31>          |RESULT<0>      |   13.520|
B<31>          |RESULT<1>      |   13.454|
B<31>          |RESULT<2>      |   13.547|
B<31>          |RESULT<3>      |   13.966|
B<31>          |RESULT<4>      |   13.672|
B<31>          |RESULT<5>      |   13.602|
B<31>          |RESULT<6>      |   14.008|
B<31>          |RESULT<7>      |   14.049|
B<31>          |RESULT<8>      |   13.581|
B<31>          |RESULT<9>      |   13.060|
B<31>          |RESULT<10>     |   13.109|
B<31>          |RESULT<11>     |   13.008|
B<31>          |RESULT<12>     |   12.766|
B<31>          |RESULT<13>     |   12.700|
B<31>          |RESULT<14>     |   12.666|
B<31>          |RESULT<15>     |   12.993|
B<31>          |RESULT<16>     |   12.675|
B<31>          |RESULT<17>     |   12.612|
B<31>          |RESULT<18>     |   12.693|
B<31>          |RESULT<19>     |   12.506|
B<31>          |RESULT<20>     |   12.824|
B<31>          |RESULT<21>     |   13.025|
B<31>          |RESULT<22>     |   12.831|
B<31>          |RESULT<23>     |   12.737|
B<31>          |RESULT<24>     |   12.906|
B<31>          |RESULT<25>     |   12.770|
B<31>          |RESULT<26>     |   12.838|
B<31>          |RESULT<27>     |   13.214|
B<31>          |RESULT<28>     |   13.216|
B<31>          |RESULT<29>     |   13.371|
B<31>          |RESULT<30>     |   13.339|
B<31>          |RESULT<31>     |   13.720|
B<31>          |ZEROFLAG       |   16.302|
CNTRL<0>       |RESULT<0>      |   13.372|
CNTRL<0>       |RESULT<1>      |   13.338|
CNTRL<0>       |RESULT<2>      |   13.431|
CNTRL<0>       |RESULT<3>      |   13.850|
CNTRL<0>       |RESULT<4>      |   13.556|
CNTRL<0>       |RESULT<5>      |   13.486|
CNTRL<0>       |RESULT<6>      |   13.892|
CNTRL<0>       |RESULT<7>      |   13.933|
CNTRL<0>       |RESULT<8>      |   13.465|
CNTRL<0>       |RESULT<9>      |   12.944|
CNTRL<0>       |RESULT<10>     |   12.993|
CNTRL<0>       |RESULT<11>     |   12.892|
CNTRL<0>       |RESULT<12>     |   12.650|
CNTRL<0>       |RESULT<13>     |   12.584|
CNTRL<0>       |RESULT<14>     |   12.550|
CNTRL<0>       |RESULT<15>     |   12.877|
CNTRL<0>       |RESULT<16>     |   12.559|
CNTRL<0>       |RESULT<17>     |   12.496|
CNTRL<0>       |RESULT<18>     |   12.577|
CNTRL<0>       |RESULT<19>     |   12.390|
CNTRL<0>       |RESULT<20>     |   12.708|
CNTRL<0>       |RESULT<21>     |   12.909|
CNTRL<0>       |RESULT<22>     |   12.715|
CNTRL<0>       |RESULT<23>     |   12.621|
CNTRL<0>       |RESULT<24>     |   12.790|
CNTRL<0>       |RESULT<25>     |   12.654|
CNTRL<0>       |RESULT<26>     |   12.722|
CNTRL<0>       |RESULT<27>     |   13.098|
CNTRL<0>       |RESULT<28>     |   13.100|
CNTRL<0>       |RESULT<29>     |   13.255|
CNTRL<0>       |RESULT<30>     |   13.223|
CNTRL<0>       |RESULT<31>     |   13.604|
CNTRL<0>       |ZEROFLAG       |   16.186|
CNTRL<1>       |RESULT<0>      |   13.248|
CNTRL<1>       |RESULT<1>      |   13.474|
CNTRL<1>       |RESULT<2>      |   13.567|
CNTRL<1>       |RESULT<3>      |   13.986|
CNTRL<1>       |RESULT<4>      |   13.692|
CNTRL<1>       |RESULT<5>      |   13.622|
CNTRL<1>       |RESULT<6>      |   14.028|
CNTRL<1>       |RESULT<7>      |   14.069|
CNTRL<1>       |RESULT<8>      |   13.601|
CNTRL<1>       |RESULT<9>      |   13.080|
CNTRL<1>       |RESULT<10>     |   13.129|
CNTRL<1>       |RESULT<11>     |   13.028|
CNTRL<1>       |RESULT<12>     |   12.786|
CNTRL<1>       |RESULT<13>     |   12.720|
CNTRL<1>       |RESULT<14>     |   12.686|
CNTRL<1>       |RESULT<15>     |   13.013|
CNTRL<1>       |RESULT<16>     |   12.695|
CNTRL<1>       |RESULT<17>     |   12.632|
CNTRL<1>       |RESULT<18>     |   12.713|
CNTRL<1>       |RESULT<19>     |   12.526|
CNTRL<1>       |RESULT<20>     |   12.844|
CNTRL<1>       |RESULT<21>     |   13.045|
CNTRL<1>       |RESULT<22>     |   12.851|
CNTRL<1>       |RESULT<23>     |   12.757|
CNTRL<1>       |RESULT<24>     |   12.926|
CNTRL<1>       |RESULT<25>     |   12.790|
CNTRL<1>       |RESULT<26>     |   12.858|
CNTRL<1>       |RESULT<27>     |   13.234|
CNTRL<1>       |RESULT<28>     |   13.236|
CNTRL<1>       |RESULT<29>     |   13.391|
CNTRL<1>       |RESULT<30>     |   13.359|
CNTRL<1>       |RESULT<31>     |   13.740|
CNTRL<1>       |ZEROFLAG       |   16.322|
CNTRL<2>       |RESULT<0>      |   13.510|
CNTRL<2>       |RESULT<1>      |   13.594|
CNTRL<2>       |RESULT<2>      |   13.687|
CNTRL<2>       |RESULT<3>      |   14.108|
CNTRL<2>       |RESULT<4>      |   13.812|
CNTRL<2>       |RESULT<5>      |   13.742|
CNTRL<2>       |RESULT<6>      |   14.148|
CNTRL<2>       |RESULT<7>      |   14.189|
CNTRL<2>       |RESULT<8>      |   13.721|
CNTRL<2>       |RESULT<9>      |   13.200|
CNTRL<2>       |RESULT<10>     |   13.249|
CNTRL<2>       |RESULT<11>     |   13.148|
CNTRL<2>       |RESULT<12>     |   12.906|
CNTRL<2>       |RESULT<13>     |   12.840|
CNTRL<2>       |RESULT<14>     |   12.806|
CNTRL<2>       |RESULT<15>     |   13.133|
CNTRL<2>       |RESULT<16>     |   12.815|
CNTRL<2>       |RESULT<17>     |   12.752|
CNTRL<2>       |RESULT<18>     |   12.833|
CNTRL<2>       |RESULT<19>     |   12.646|
CNTRL<2>       |RESULT<20>     |   12.964|
CNTRL<2>       |RESULT<21>     |   13.165|
CNTRL<2>       |RESULT<22>     |   12.971|
CNTRL<2>       |RESULT<23>     |   12.877|
CNTRL<2>       |RESULT<24>     |   13.046|
CNTRL<2>       |RESULT<25>     |   12.910|
CNTRL<2>       |RESULT<26>     |   12.978|
CNTRL<2>       |RESULT<27>     |   13.354|
CNTRL<2>       |RESULT<28>     |   13.356|
CNTRL<2>       |RESULT<29>     |   13.511|
CNTRL<2>       |RESULT<30>     |   13.479|
CNTRL<2>       |RESULT<31>     |   13.860|
CNTRL<2>       |ZEROFLAG       |   16.442|
---------------+---------------+---------+


Analysis completed Tue Sep 01 15:06:31 2020 
--------------------------------------------------------------------------------

Trace Settings:
-------------------------
Trace Settings 

Peak Memory Usage: 145 MB



